Component: ARM Compiler 5.06 update 6 (build 750) Tool: armlink [4d35ed]

==============================================================================

Section Cross References

    startup_stm32f103xe.o(RESET) refers to startup_stm32f103xe.o(STACK) for __initial_sp
    startup_stm32f103xe.o(RESET) refers to startup_stm32f103xe.o(.text) for Reset_Handler
    startup_stm32f103xe.o(RESET) refers to stm32f1xx_it.o(i.NMI_Handler) for NMI_Handler
    startup_stm32f103xe.o(RESET) refers to stm32f1xx_it.o(i.HardFault_Handler) for HardFault_Handler
    startup_stm32f103xe.o(RESET) refers to stm32f1xx_it.o(i.MemManage_Handler) for MemManage_Handler
    startup_stm32f103xe.o(RESET) refers to stm32f1xx_it.o(i.BusFault_Handler) for BusFault_Handler
    startup_stm32f103xe.o(RESET) refers to stm32f1xx_it.o(i.UsageFault_Handler) for UsageFault_Handler
    startup_stm32f103xe.o(RESET) refers to stm32f1xx_it.o(i.SVC_Handler) for SVC_Handler
    startup_stm32f103xe.o(RESET) refers to stm32f1xx_it.o(i.DebugMon_Handler) for DebugMon_Handler
    startup_stm32f103xe.o(RESET) refers to stm32f1xx_it.o(i.PendSV_Handler) for PendSV_Handler
    startup_stm32f103xe.o(RESET) refers to stm32f1xx_it.o(i.SysTick_Handler) for SysTick_Handler
    startup_stm32f103xe.o(RESET) refers to stm32f1xx_it.o(i.FLASH_IRQHandler) for FLASH_IRQHandler
    startup_stm32f103xe.o(RESET) refers to stm32f1xx_it.o(i.RCC_IRQHandler) for RCC_IRQHandler
    startup_stm32f103xe.o(RESET) refers to stm32f1xx_it.o(i.SPI1_IRQHandler) for SPI1_IRQHandler
    startup_stm32f103xe.o(RESET) refers to stm32f1xx_it.o(i.USART1_IRQHandler) for USART1_IRQHandler
    startup_stm32f103xe.o(RESET) refers to stm32f1xx_it.o(i.SDIO_IRQHandler) for SDIO_IRQHandler
    startup_stm32f103xe.o(.text) refers to system_stm32f1xx.o(i.SystemInit) for SystemInit
    startup_stm32f103xe.o(.text) refers to entry.o(.ARM.Collect$$$$00000000) for __main
    bsp_led.o(i.Light_Flash) refers to stm32f1xx_hal.o(i.HAL_Delay) for HAL_Delay
    bsp_usart1.o(i.Usart_SendString) refers to stm32f1xx_hal_uart.o(i.HAL_UART_Transmit) for HAL_UART_Transmit
    bsp_usart1.o(i.Usart_SendString) refers to usart.o(.bss) for huart1
    bsp_usart1.o(i.fgetc) refers to stm32f1xx_hal_uart.o(i.HAL_UART_Receive) for HAL_UART_Receive
    bsp_usart1.o(i.fgetc) refers to usart.o(.bss) for huart1
    bsp_usart1.o(i.fputc) refers to stm32f1xx_hal_uart.o(i.HAL_UART_Transmit) for HAL_UART_Transmit
    bsp_usart1.o(i.fputc) refers to usart.o(.bss) for huart1
    bsp_spi_flash.o(i.SPI_FLASH_BufferRead) refers to bsp_spi_flash.o(i.SPI_FLASH_SendByte) for SPI_FLASH_SendByte
    bsp_spi_flash.o(i.SPI_FLASH_BufferWrite) refers to bsp_spi_flash.o(i.SPI_FLASH_PageWrite) for SPI_FLASH_PageWrite
    bsp_spi_flash.o(i.SPI_FLASH_BulkErase) refers to bsp_spi_flash.o(i.SPI_FLASH_WriteEnable) for SPI_FLASH_WriteEnable
    bsp_spi_flash.o(i.SPI_FLASH_BulkErase) refers to bsp_spi_flash.o(i.SPI_FLASH_SendByte) for SPI_FLASH_SendByte
    bsp_spi_flash.o(i.SPI_FLASH_BulkErase) refers to bsp_spi_flash.o(i.SPI_FLASH_WaitForWriteEnd) for SPI_FLASH_WaitForWriteEnd
    bsp_spi_flash.o(i.SPI_FLASH_Init) refers to spi.o(i.MX_SPI1_Init) for MX_SPI1_Init
    bsp_spi_flash.o(i.SPI_FLASH_Init) refers to stm32f1xx_hal_spi.o(i.HAL_SPI_Init) for HAL_SPI_Init
    bsp_spi_flash.o(i.SPI_FLASH_Init) refers to spi.o(.bss) for hspi1
    bsp_spi_flash.o(i.SPI_FLASH_PageWrite) refers to bsp_spi_flash.o(i.SPI_FLASH_WriteEnable) for SPI_FLASH_WriteEnable
    bsp_spi_flash.o(i.SPI_FLASH_PageWrite) refers to bsp_spi_flash.o(i.SPI_FLASH_SendByte) for SPI_FLASH_SendByte
    bsp_spi_flash.o(i.SPI_FLASH_PageWrite) refers to printf6.o(i.__0printf$6) for __2printf
    bsp_spi_flash.o(i.SPI_FLASH_PageWrite) refers to bsp_spi_flash.o(i.SPI_FLASH_WaitForWriteEnd) for SPI_FLASH_WaitForWriteEnd
    bsp_spi_flash.o(i.SPI_FLASH_ReadByte) refers to bsp_spi_flash.o(i.SPI_FLASH_SendByte) for SPI_FLASH_SendByte
    bsp_spi_flash.o(i.SPI_FLASH_ReadDeviceID) refers to bsp_spi_flash.o(i.SPI_FLASH_SendByte) for SPI_FLASH_SendByte
    bsp_spi_flash.o(i.SPI_FLASH_ReadID) refers to bsp_spi_flash.o(i.SPI_FLASH_SendByte) for SPI_FLASH_SendByte
    bsp_spi_flash.o(i.SPI_FLASH_SectorErase) refers to bsp_spi_flash.o(i.SPI_FLASH_WriteEnable) for SPI_FLASH_WriteEnable
    bsp_spi_flash.o(i.SPI_FLASH_SectorErase) refers to bsp_spi_flash.o(i.SPI_FLASH_WaitForWriteEnd) for SPI_FLASH_WaitForWriteEnd
    bsp_spi_flash.o(i.SPI_FLASH_SectorErase) refers to bsp_spi_flash.o(i.SPI_FLASH_SendByte) for SPI_FLASH_SendByte
    bsp_spi_flash.o(i.SPI_FLASH_SendByte) refers to bsp_spi_flash.o(i.SPI_TIMEOUT_UserCallback) for SPI_TIMEOUT_UserCallback
    bsp_spi_flash.o(i.SPI_FLASH_SendByte) refers to bsp_spi_flash.o(.data) for .data
    bsp_spi_flash.o(i.SPI_FLASH_SendByte) refers to spi.o(.bss) for hspi1
    bsp_spi_flash.o(i.SPI_FLASH_SendHalfWord) refers to bsp_spi_flash.o(i.SPI_TIMEOUT_UserCallback) for SPI_TIMEOUT_UserCallback
[...]
    i.NMI_Handler                            0x080022ee   Section        0  stm32f1xx_it.o(i.NMI_Handler)
    i.PendSV_Handler                         0x080022f0   Section        0  stm32f1xx_it.o(i.PendSV_Handler)
    i.RCC_IRQHandler                         0x080022f2   Section        0  stm32f1xx_it.o(i.RCC_IRQHandler)
    i.SDDeviceInfoGet                        0x080022f4   Section        0  fatfs_user_fun.o(i.SDDeviceInfoGet)
    i.SDIO_ConfigData                        0x08002378   Section        0  stm32f1xx_ll_sdmmc.o(i.SDIO_ConfigData)
    i.SDIO_GetPowerState                     0x0800239c   Section        0  stm32f1xx_ll_sdmmc.o(i.SDIO_GetPowerState)
    i.SDIO_GetResponse                       0x080023a4   Section        0  stm32f1xx_ll_sdmmc.o(i.SDIO_GetResponse)
    i.SDIO_IRQHandler                        0x080023ac   Section        0  stm32f1xx_it.o(i.SDIO_IRQHandler)
    i.SDIO_Init                              0x080023b8   Section        0  stm32f1xx_ll_sdmmc.o(i.SDIO_Init)
    i.SDIO_PowerState_ON                     0x080023dc   Section        0  stm32f1xx_ll_sdmmc.o(i.SDIO_PowerState_ON)
    i.SDIO_ReadFIFO                          0x080023ec   Section        0  stm32f1xx_ll_sdmmc.o(i.SDIO_ReadFIFO)
    i.SDIO_SendCommand                       0x080023f2   Section        0  stm32f1xx_ll_sdmmc.o(i.SDIO_SendCommand)
    i.SDIO_WriteFIFO                         0x08002412   Section        0  stm32f1xx_ll_sdmmc.o(i.SDIO_WriteFIFO)
    i.SDMMC_CmdAppCommand                    0x0800241c   Section        0  stm32f1xx_ll_sdmmc.o(i.SDMMC_CmdAppCommand)
    i.SDMMC_CmdAppOperCommand                0x08002450   Section        0  stm32f1xx_ll_sdmmc.o(i.SDMMC_CmdAppOperCommand)
    i.SDMMC_CmdBlockLength                   0x08002484   Section        0  stm32f1xx_ll_sdmmc.o(i.SDMMC_CmdBlockLength)
    i.SDMMC_CmdBusWidth                      0x080024b6   Section        0  stm32f1xx_ll_sdmmc.o(i.SDMMC_CmdBusWidth)
    i.SDMMC_CmdGoIdleState                   0x080024e8   Section        0  stm32f1xx_ll_sdmmc.o(i.SDMMC_CmdGoIdleState)
    i.SDMMC_CmdOperCond                      0x08002538   Section        0  stm32f1xx_ll_sdmmc.o(i.SDMMC_CmdOperCond)
    i.SDMMC_CmdReadMultiBlock                0x080025ac   Section        0  stm32f1xx_ll_sdmmc.o(i.SDMMC_CmdReadMultiBlock)
    i.SDMMC_CmdReadSingleBlock               0x080025de   Section        0  stm32f1xx_ll_sdmmc.o(i.SDMMC_CmdReadSingleBlock)
    i.SDMMC_CmdSelDesel                      0x08002610   Section        0  stm32f1xx_ll_sdmmc.o(i.SDMMC_CmdSelDesel)
    i.SDMMC_CmdSendCID                       0x08002642   Section        0  stm32f1xx_ll_sdmmc.o(i.SDMMC_CmdSendCID)
    i.SDMMC_CmdSendCSD                       0x0800266e   Section        0  stm32f1xx_ll_sdmmc.o(i.SDMMC_CmdSendCSD)
    i.SDMMC_CmdSendSCR                       0x0800269a   Section        0  stm32f1xx_ll_sdmmc.o(i.SDMMC_CmdSendSCR)
    i.SDMMC_CmdSendStatus                    0x080026ca   Section        0  stm32f1xx_ll_sdmmc.o(i.SDMMC_CmdSendStatus)
    i.SDMMC_CmdSetRelAdd                     0x080026fc   Section        0  stm32f1xx_ll_sdmmc.o(i.SDMMC_CmdSetRelAdd)
    i.SDMMC_CmdStopTransfer                  0x0800272c   Section        0  stm32f1xx_ll_sdmmc.o(i.SDMMC_CmdStopTransfer)
    i.SDMMC_CmdWriteMultiBlock               0x08002760   Section        0  stm32f1xx_ll_sdmmc.o(i.SDMMC_CmdWriteMultiBlock)
    i.SDMMC_CmdWriteSingleBlock              0x08002792   Section        0  stm32f1xx_ll_sdmmc.o(i.SDMMC_CmdWriteSingleBlock)
    i.SDMMC_GetCmdResp1                      0x080027c4   Section        0  stm32f1xx_ll_sdmmc.o(i.SDMMC_GetCmdResp1)
    SDMMC_GetCmdResp1                        0x080027c5   Thumb Code   278  stm32f1xx_ll_sdmmc.o(i.SDMMC_GetCmdResp1)
    i.SDMMC_GetCmdResp2                      0x080028e4   Section        0  stm32f1xx_ll_sdmmc.o(i.SDMMC_GetCmdResp2)
    SDMMC_GetCmdResp2                        0x080028e5   Thumb Code    76  stm32f1xx_ll_sdmmc.o(i.SDMMC_GetCmdResp2)
    i.SDMMC_GetCmdResp3                      0x08002934   Section        0  stm32f1xx_ll_sdmmc.o(i.SDMMC_GetCmdResp3)
    SDMMC_GetCmdResp3                        0x08002935   Thumb Code    62  stm32f1xx_ll_sdmmc.o(i.SDMMC_GetCmdResp3)
    i.SDMMC_GetCmdResp6                      0x08002978   Section        0  stm32f1xx_ll_sdmmc.o(i.SDMMC_GetCmdResp6)
    SDMMC_GetCmdResp6                        0x08002979   Thumb Code   130  stm32f1xx_ll_sdmmc.o(i.SDMMC_GetCmdResp6)
    i.SDReadFile                             0x08002a00   Section        0  fatfs_user_fun.o(i.SDReadFile)
    i.SDTraverFiles                          0x08002b28   Section        0  fatfs_user_fun.o(i.SDTraverFiles)
    i.SDWriteFile                            0x08002b88   Section        0  fatfs_user_fun.o(i.SDWriteFile)
    i.SD_DMARxAbort                          0x08002cd4   Section        0  stm32f1xx_hal_sd.o(i.SD_DMARxAbort)
    SD_DMARxAbort                            0x08002cd5   Thumb Code    68  stm32f1xx_hal_sd.o(i.SD_DMARxAbort)
    i.SD_DMATxAbort                          0x08002d18   Section        0  stm32f1xx_hal_sd.o(i.SD_DMATxAbort)
    SD_DMATxAbort                            0x08002d19   Thumb Code    68  stm32f1xx_hal_sd.o(i.SD_DMATxAbort)
    i.SD_FindSCR                             0x08002d5c   Section        0  stm32f1xx_hal_sd.o(i.SD_FindSCR)
    SD_FindSCR                               0x08002d5d   Thumb Code   212  stm32f1xx_hal_sd.o(i.SD_FindSCR)
    i.SD_InitCard                            0x08002e30   Section        0  stm32f1xx_hal_sd.o(i.SD_InitCard)
    SD_InitCard                              0x08002e31   Thumb Code   238  stm32f1xx_hal_sd.o(i.SD_InitCard)
    i.SD_PowerON                             0x08002f20   Section        0  stm32f1xx_hal_sd.o(i.SD_PowerON)
    SD_PowerON                               0x08002f21   Thumb Code   174  stm32f1xx_hal_sd.o(i.SD_PowerON)
    i.SD_initialize                          0x08002fd4   Section        0  sd_diskio.o(i.SD_initialize)
    i.SD_ioctl                               0x08002ff4   Section        0  sd_diskio.o(i.SD_ioctl)
    i.SD_read                                0x08003044   Section        0  sd_diskio.o(i.SD_read)
    i.SD_status                              0x08003080   Section        0  sd_diskio.o(i.SD_status)
    i.SD_write                               0x080030a0   Section        0  sd_diskio.o(i.SD_write)
    i.SDfMount                               0x080030dc   Section        0  fatfs_user_fun.o(i.SDfMount)
    i.SPI1_IRQHandler                        0x080031c8   Section        0  stm32f1xx_it.o(i.SPI1_IRQHandler)
    i.SPI_DMAAbortOnError                    0x080031d4   Section        0  stm32f1xx_hal_spi.o(i.SPI_DMAAbortOnError)
    SPI_DMAAbortOnError                      0x080031d5   Thumb Code    16  stm32f1xx_hal_spi.o(i.SPI_DMAAbortOnError)
    i.SPI_FLASH_BufferRead                   0x080031e4   Section        0  bsp_spi_flash.o(i.SPI_FLASH_BufferRead)
    i.SPI_FLASH_BufferWrite                  0x08003230   Section        0  bsp_spi_flash.o(i.SPI_FLASH_BufferWrite)
    i.SPI_FLASH_Init                         0x080032ec   Section        0  bsp_spi_flash.o(i.SPI_FLASH_Init)
    i.SPI_FLASH_PageWrite                    0x0800330c   Section        0  bsp_spi_flash.o(i.SPI_FLASH_PageWrite)
    i.SPI_FLASH_ReadID                       0x080033a0   Section        0  bsp_spi_flash.o(i.SPI_FLASH_ReadID)
    i.SPI_FLASH_SectorErase                  0x080033dc   Section        0  bsp_spi_flash.o(i.SPI_FLASH_SectorErase)
    i.SPI_FLASH_SendByte                     0x0800341c   Section        0  bsp_spi_flash.o(i.SPI_FLASH_SendByte)
    i.SPI_FLASH_WaitForWriteEnd              0x08003470   Section        0  bsp_spi_flash.o(i.SPI_FLASH_WaitForWriteEnd)
    i.SPI_FLASH_WriteEnable                  0x080034b0   Section        0  bsp_spi_flash.o(i.SPI_FLASH_WriteEnable)
    i.SPI_Flash_WAKEUP                       0x080034cc   Section        0  bsp_spi_flash.o(i.SPI_Flash_WAKEUP)
    i.SPI_TIMEOUT_UserCallback               0x080034e8   Section        0  bsp_spi_flash.o(i.SPI_TIMEOUT_UserCallback)
    SPI_TIMEOUT_UserCallback                 0x080034e9   Thumb Code    14  bsp_spi_flash.o(i.SPI_TIMEOUT_UserCallback)
    i.SVC_Handler                            0x08003528   Section        0  stm32f1xx_it.o(i.SVC_Handler)
    i.SysTick_Handler                        0x0800352a   Section        0  stm32f1xx_it.o(i.SysTick_Handler)
    i.SystemClock_Config                     0x0800352e   Section        0  main.o(i.SystemClock_Config)
    i.SystemInit                             0x0800357c   Section        0  system_stm32f1xx.o(i.SystemInit)
    i.UART_DMAAbortOnError                   0x080035c4   Section        0  stm32f1xx_hal_uart.o(i.UART_DMAAbortOnError)
    UART_DMAAbortOnError                     0x080035c5   Thumb Code    16  stm32f1xx_hal_uart.o(i.UART_DMAAbortOnError)
    i.UART_EndRxTransfer                     0x080035d4   Section        0  stm32f1xx_hal_uart.o(i.UART_EndRxTransfer)
    UART_EndRxTransfer                       0x080035d5   Thumb Code    28  stm32f1xx_hal_uart.o(i.UART_EndRxTransfer)
    i.UART_Receive_IT                        0x080035f0   Section        0  stm32f1xx_hal_uart.o(i.UART_Receive_IT)
    UART_Receive_IT                          0x080035f1   Thumb Code   150  stm32f1xx_hal_uart.o(i.UART_Receive_IT)
    i.UART_SetConfig                         0x08003688   Section        0  stm32f1xx_hal_uart.o(i.UART_SetConfig)
    UART_SetConfig                           0x08003689   Thumb Code   178  stm32f1xx_hal_uart.o(i.UART_SetConfig)
    i.UART_Transmit_IT                       0x08003740   Section        0  stm32f1xx_hal_uart.o(i.UART_Transmit_IT)
    UART_Transmit_IT                         0x08003741   Thumb Code    98  stm32f1xx_hal_uart.o(i.UART_Transmit_IT)
    i.UART_WaitOnFlagUntilTimeout            0x080037a2   Section        0  stm32f1xx_hal_uart.o(i.UART_WaitOnFlagUntilTimeout)
    UART_WaitOnFlagUntilTimeout              0x080037a3   Thumb Code   100  stm32f1xx_hal_uart.o(i.UART_WaitOnFlagUntilTimeout)
    i.USART1_IRQHandler                      0x08003808   Section        0  stm32f1xx_it.o(i.USART1_IRQHandler)
    i.USER_initialize                        0x08003814   Section        0  user_diskio.o(i.USER_initialize)
    i.USER_ioctl                             0x0800384c   Section        0  user_diskio.o(i.USER_ioctl)
    i.USER_read                              0x08003880   Section        0  user_diskio.o(i.USER_read)
    i.USER_status                            0x080038b8   Section        0  user_diskio.o(i.USER_status)
    i.USER_write                             0x080038ec   Section        0  user_diskio.o(i.USER_write)
    i.UsageFault_Handler                     0x08003930   Section        0  stm32f1xx_it.o(i.UsageFault_Handler)
    i.__0printf$6                            0x08003934   Section        0  printf6.o(i.__0printf$6)
    i.__0sprintf$6                           0x08003954   Section        0  printf6.o(i.__0sprintf$6)
    i.__NVIC_SetPriority                     0x0800397c   Section        0  stm32f1xx_hal_cortex.o(i.__NVIC_SetPriority)
    __NVIC_SetPriority                       0x0800397d   Thumb Code    32  stm32f1xx_hal_cortex.o(i.__NVIC_SetPriority)
    i.__scatterload_copy                     0x0800399c   Section       14  handlers.o(i.__scatterload_copy)
    i.__scatterload_null                     0x080039aa   Section        2  handlers.o(i.__scatterload_null)
    i.__scatterload_zeroinit                 0x080039ac   Section       14  handlers.o(i.__scatterload_zeroinit)
    i._printf_core                           0x080039bc   Section        0  printf6.o(i._printf_core)
    _printf_core                             0x080039bd   Thumb Code   748  printf6.o(i._printf_core)
    i._printf_post_padding                   0x08003cac   Section        0  printf6.o(i._printf_post_padding)
    _printf_post_padding                     0x08003cad   Thumb Code    36  printf6.o(i._printf_post_padding)
    i._printf_pre_padding                    0x08003cd0   Section        0  printf6.o(i._printf_pre_padding)
    _printf_pre_padding                      0x08003cd1   Thumb Code    46  printf6.o(i._printf_pre_padding)
    i._sputc                                 0x08003cfe   Section        0  printf6.o(i._sputc)
    _sputc                                   0x08003cff   Thumb Code    10  printf6.o(i._sputc)
    i.check_fs                               0x08003d08   Section        0  ff.o(i.check_fs)
    check_fs                                 0x08003d09   Thumb Code    90  ff.o(i.check_fs)
    i.chk_chr                                0x08003d68   Section        0  ff.o(i.chk_chr)
    chk_chr                                  0x08003d69   Thumb Code    16  ff.o(i.chk_chr)
    i.chk_lock                               0x08003d78   Section        0  ff.o(i.chk_lock)
    chk_lock                                 0x08003d79   Thumb Code   100  ff.o(i.chk_lock)
    i.clear_lock                             0x08003de0   Section        0  ff.o(i.clear_lock)
    clear_lock                               0x08003de1   Thumb Code    32  ff.o(i.clear_lock)
    i.clmt_clust                             0x08003e04   Section        0  ff.o(i.clmt_clust)
    clmt_clust                               0x08003e05   Thumb Code    46  ff.o(i.clmt_clust)
    i.clust2sect                             0x08003e32   Section        0  ff.o(i.clust2sect)
    i.create_chain                           0x08003e4e   Section        0  ff.o(i.create_chain)
    create_chain                             0x08003e4f   Thumb Code   164  ff.o(i.create_chain)
    i.create_name                            0x08003ef4   Section        0  ff.o(i.create_name)
    create_name                              0x08003ef5   Thumb Code   558  ff.o(i.create_name)
    i.dec_lock                               0x08004138   Section        0  ff.o(i.dec_lock)
    dec_lock                                 0x08004139   Thumb Code    54  ff.o(i.dec_lock)
    i.dir_find                               0x08004174   Section        0  ff.o(i.dir_find)
    dir_find                                 0x08004175   Thumb Code   314  ff.o(i.dir_find)
    i.dir_next                               0x080042b4   Section        0  ff.o(i.dir_next)
    dir_next                                 0x080042b5   Thumb Code   284  ff.o(i.dir_next)
    i.dir_read                               0x080043d0   Section        0  ff.o(i.dir_read)
    dir_read                                 0x080043d1   Thumb Code   252  ff.o(i.dir_read)
    i.dir_register                           0x080044d0   Section        0  ff.o(i.dir_register)
    dir_register                             0x080044d1   Thumb Code   444  ff.o(i.dir_register)
    i.dir_sdi                                0x08004690   Section        0  ff.o(i.dir_sdi)
    dir_sdi                                  0x08004691   Thumb Code   154  ff.o(i.dir_sdi)
    i.disk_initialize                        0x0800472c   Section        0  diskio.o(i.disk_initialize)
    i.disk_ioctl                             0x08004754   Section        0  diskio.o(i.disk_ioctl)
    i.disk_read                              0x08004770   Section        0  diskio.o(i.disk_read)
    i.disk_status                            0x0800478c   Section        0  diskio.o(i.disk_status)
    i.disk_write                             0x080047a4   Section        0  diskio.o(i.disk_write)
    i.f_close                                0x080047c0   Section        0  ff.o(i.f_close)
    i.f_closedir                             0x080047ea   Section        0  ff.o(i.f_closedir)
    i.f_getfree                              0x0800480e   Section        0  ff.o(i.f_getfree)
    i.f_mkfs                                 0x080048d0   Section        0  ff.o(i.f_mkfs)
    i.f_mount                                0x08004e50   Section        0  ff.o(i.f_mount)
    i.f_open                                 0x08004eb4   Section        0  ff.o(i.f_open)
    i.f_opendir                              0x080050a8   Section        0  ff.o(i.f_opendir)
    i.f_read                                 0x08005138   Section        0  ff.o(i.f_read)
    i.f_readdir                              0x080052c6   Section        0  ff.o(i.f_readdir)
    i.f_sync                                 0x08005324   Section        0  ff.o(i.f_sync)
    i.f_write                                0x080053c6   Section        0  ff.o(i.f_write)
    i.ff_convert                             0x0800558c   Section        0  cc936.o(i.ff_convert)
    i.ff_wtoupper                            0x080055d8   Section        0  cc936.o(i.ff_wtoupper)
    i.find_volume                            0x080055fc   Section        0  ff.o(i.find_volume)
    find_volume                              0x080055fd   Thumb Code   606  ff.o(i.find_volume)
    i.follow_path                            0x08005868   Section        0  ff.o(i.follow_path)
    follow_path                              0x08005869   Thumb Code   106  ff.o(i.follow_path)
    i.fputc                                  0x080058d4   Section        0  bsp_usart1.o(i.fputc)
    i.gen_numname                            0x080058ec   Section        0  ff.o(i.gen_numname)
    gen_numname                              0x080058ed   Thumb Code   136  ff.o(i.gen_numname)
    i.get_fat                                0x08005978   Section        0  ff.o(i.get_fat)
    i.get_fattime                            0x08005a5e   Section        0  fatfs.o(i.get_fattime)
    i.get_fileinfo                           0x08005a62   Section        0  ff.o(i.get_fileinfo)
    get_fileinfo                             0x08005a63   Thumb Code   198  ff.o(i.get_fileinfo)
    i.get_ldnumber                           0x08005b28   Section        0  ff.o(i.get_ldnumber)
    get_ldnumber                             0x08005b29   Thumb Code    60  ff.o(i.get_ldnumber)
    i.inc_lock                               0x08005b64   Section        0  ff.o(i.inc_lock)
    inc_lock                                 0x08005b65   Thumb Code   146  ff.o(i.inc_lock)
    i.ld_clust                               0x08005bfc   Section        0  ff.o(i.ld_clust)
    ld_clust                                 0x08005bfd   Thumb Code    22  ff.o(i.ld_clust)
    i.main                                   0x08005c14   Section        0  main.o(i.main)
    i.mem_cpy                                0x08005cd4   Section        0  ff.o(i.mem_cpy)
    mem_cpy                                  0x08005cd5   Thumb Code    18  ff.o(i.mem_cpy)
    i.mem_set                                0x08005ce6   Section        0  ff.o(i.mem_set)
    mem_set                                  0x08005ce7   Thumb Code    14  ff.o(i.mem_set)
    i.move_window                            0x08005cf4   Section        0  ff.o(i.move_window)
    move_window                              0x08005cf5   Thumb Code    56  ff.o(i.move_window)
    i.put_fat                                0x08005d2c   Section        0  ff.o(i.put_fat)
    i.remove_chain                           0x08005e4a   Section        0  ff.o(i.remove_chain)
    remove_chain                             0x08005e4b   Thumb Code   102  ff.o(i.remove_chain)
    i.scan_files                             0x08005eb0   Section        0  fatfs_user_fun.o(i.scan_files)
    i.st_clust                               0x08005f50   Section        0  ff.o(i.st_clust)
    st_clust                                 0x08005f51   Thumb Code    16  ff.o(i.st_clust)
    i.sum_sfn                                0x08005f60   Section        0  ff.o(i.sum_sfn)
    sum_sfn                                  0x08005f61   Thumb Code    26  ff.o(i.sum_sfn)
    i.sync_fs                                0x08005f7a   Section        0  ff.o(i.sync_fs)
    sync_fs                                  0x08005f7b   Thumb Code   168  ff.o(i.sync_fs)
    i.sync_window                            0x08006022   Section        0  ff.o(i.sync_window)
    sync_window                              0x08006023   Thumb Code    82  ff.o(i.sync_window)
    i.validate                               0x08006074   Section        0  ff.o(i.validate)
    validate                                 0x08006075   Thumb Code    42  ff.o(i.validate)
    .constdata                               0x080060a0   Section      200  main.o(.constdata)
    .constdata                               0x08006168   Section       16  system_stm32f1xx.o(.constdata)
    .constdata                               0x08006178   Section        8  system_stm32f1xx.o(.constdata)
    .constdata                               0x08006180   Section       58  ff.o(.constdata)
    LfnOfs                                   0x08006180   Data          13  ff.o(.constdata)
    vst                                      0x0800618e   Data          22  ff.o(.constdata)
    cst                                      0x080061a4   Data          22  ff.o(.constdata)
    .constdata                               0x080061ba   Section    175304  cc936.o(.constdata)
    uni2oem                                  0x080061ba   Data       87172  cc936.o(.constdata)
    oem2uni                                  0x0801b63e   Data       87172  cc936.o(.constdata)
    tbl_lower                                0x08030ac2   Data         480  cc936.o(.constdata)
    tbl_upper                                0x08030ca2   Data         480  cc936.o(.constdata)
    .constdata                               0x08030e84   Section       20  sd_diskio.o(.constdata)
    .data                                    0x20000000   Section        4  bsp_spi_flash.o(.data)
    SPITimeout                               0x20000000   Data           4  bsp_spi_flash.o(.data)
    .data                                    0x20000004   Section        6  fatfs_user_fun.o(.data)
    .data                                    0x2000000a   Section       10  fatfs.o(.data)
    .data                                    0x20000014   Section        1  user_diskio.o(.data)
    Stat                                     0x20000014   Data           1  user_diskio.o(.data)
    .data                                    0x20000018   Section       20  user_diskio.o(.data)
    .data                                    0x2000002c   Section       12  stm32f1xx_hal.o(.data)
    .data                                    0x20000038   Section        4  system_stm32f1xx.o(.data)
    .data                                    0x2000003c   Section       12  ff.o(.data)
    Fsid                                     0x2000003c   Data           2  ff.o(.data)
    FatFs                                    0x20000040   Data           8  ff.o(.data)
    .data                                    0x20000048   Section        1  sd_diskio.o(.data)
    Stat                                     0x20000048   Data           1  sd_diskio.o(.data)
    .data                                    0x2000004c   Section        4  stdout.o(.data)
    .bss                                     0x20000050   Section      511  fatfs_user_fun.o(.bss)
    lfn                                      0x20000050   Data         511  fatfs_user_fun.o(.bss)
    .bss                                     0x20000250   Section     4144  fatfs.o(.bss)
    .bss                                     0x20001280   Section     4140  fatfs.o(.bss)
    .bss                                     0x200022ac   Section     4144  fatfs.o(.bss)
    .bss                                     0x200032dc   Section     4140  fatfs.o(.bss)
    .bss                                     0x20004308   Section      132  sdio.o(.bss)
    .bss                                     0x2000438c   Section       88  spi.o(.bss)
    .bss                                     0x200043e4   Section       64  usart.o(.bss)
    .bss                                     0x20004428   Section       32  stm32f1xx_hal_flash.o(.bss)
    .bss                                     0x20004448   Section       24  ff.o(.bss)
    Files                                    0x20004448   Data          24  ff.o(.bss)
    .bss                                     0x20004460   Section       16  ff_gen_drv.o(.bss)
    STACK                                    0x20004470   Section    10240  startup_stm32f103xe.o(STACK)

    Global Symbols

    Symbol Name                              Value     Ov Type        Size  Object(Section)

    BuildAttributes$$THM_ISAv4$P$D$K$B$S$PE$A:L22UL41UL21$X:L11$S22US41US21$IEEE1$IW$USESV6$~STKCKD$USESV7$~SHL$OSPACE$ROPI$EBA8$MICROLIB$REQ8$PRES8$EABIv2 0x00000000   Number         0  anon$$obj.o ABSOLUTE
    __ARM_use_no_argv                        0x00000000   Number         0  main.o ABSOLUTE
    _printf_a                                0x00000000   Number         0  stubs.o ABSOLUTE
    _printf_c                                0x00000000   Number         0  stubs.o ABSOLUTE
    _printf_charcount                        0x00000000   Number         0  stubs.o ABSOLUTE
    _printf_d                                0x00000000   Number         0  stubs.o ABSOLUTE
    _printf_e                                0x00000000   Number         0  stubs.o ABSOLUTE
    _printf_f                                0x00000000   Number         0  stubs.o ABSOLUTE
    _printf_flags                            0x00000000   Number         0  stubs.o ABSOLUTE
    _printf_fp_dec                           0x00000000   Number         0  stubs.o ABSOLUTE
    _printf_fp_hex                           0x00000000   Number         0  stubs.o ABSOLUTE
    _printf_g                                0x00000000   Number         0  stubs.o ABSOLUTE
    _printf_i                                0x00000000   Number         0  stubs.o ABSOLUTE
    _printf_int_dec                          0x00000000   Number         0  stubs.o ABSOLUTE
    _printf_l                                0x00000000   Number         0  stubs.o ABSOLUTE
    _printf_lc                               0x00000000   Number         0  stubs.o ABSOLUTE
    _printf_ll                               0x00000000   Number         0  stubs.o ABSOLUTE
    _printf_lld                              0x00000000   Number         0  stubs.o ABSOLUTE
    _printf_lli                              0x00000000   Number         0  stubs.o ABSOLUTE
    _printf_llo                              0x00000000   Number         0  stubs.o ABSOLUTE
    _printf_llu                              0x00000000   Number         0  stubs.o ABSOLUTE
    _printf_llx                              0x00000000   Number         0  stubs.o ABSOLUTE
    _printf_longlong_dec                     0x00000000   Number         0  stubs.o ABSOLUTE
    _printf_longlong_hex                     0x00000000   Number         0  stubs.o ABSOLUTE
    _printf_longlong_oct                     0x00000000   Number         0  stubs.o ABSOLUTE
    _printf_ls                               0x00000000   Number         0  stubs.o ABSOLUTE
    _printf_mbtowc                           0x00000000   Number         0  stubs.o ABSOLUTE
    _printf_n                                0x00000000   Number         0  stubs.o ABSOLUTE
    _printf_o                                0x00000000   Number         0  stubs.o ABSOLUTE
    _printf_p                                0x00000000   Number         0  stubs.o ABSOLUTE
    _printf_percent                          0x00000000   Number         0  stubs.o ABSOLUTE
    _printf_pre_padding                      0x00000000   Number         0  stubs.o ABSOLUTE
    _printf_return_value                     0x00000000   Number         0  stubs.o ABSOLUTE
    _printf_s                                0x00000000   Number         0  stubs.o ABSOLUTE
    _printf_sizespec                         0x00000000   Number         0  stubs.o ABSOLUTE
    _printf_str                              0x00000000   Number         0  stubs.o ABSOLUTE
    _printf_truncate_signed                  0x00000000   Number         0  stubs.o ABSOLUTE
    _printf_truncate_unsigned                0x00000000   Number         0  stubs.o ABSOLUTE
    _printf_u                                0x00000000   Number         0  stubs.o ABSOLUTE
    _printf_wc                               0x00000000   Number         0  stubs.o ABSOLUTE
    _printf_wctomb                           0x00000000   Number         0  stubs.o ABSOLUTE
    _printf_widthprec                        0x00000000   Number         0  stubs.o ABSOLUTE
    _printf_x                                0x00000000   Number         0  stubs.o ABSOLUTE
    __cpp_initialize__aeabi_                  - Undefined Weak Reference
    __cxa_finalize                            - Undefined Weak Reference
    __decompress                              - Undefined Weak Reference
    _clock_init                               - Undefined Weak Reference
    _microlib_exit                            - Undefined Weak Reference
    __Vectors_Size                           0x00000130   Number         0  startup_stm32f103xe.o ABSOLUTE
    __Vectors                                0x08000000   Data           4  startup_stm32f103xe.o(RESET)
    __Vectors_End                            0x08000130   Data           0  startup_stm32f103xe.o(RESET)
    __main                                   0x08000131   Thumb Code     0  entry.o(.ARM.Collect$$$$00000000)
    _main_stk                                0x08000131   Thumb Code     0  entry2.o(.ARM.Collect$$$$00000001)
    _main_scatterload                        0x08000135   Thumb Code     0  entry5.o(.ARM.Collect$$$$00000004)
    __main_after_scatterload                 0x08000139   Thumb Code     0  entry5.o(.ARM.Collect$$$$00000004)
    _main_clock                              0x08000139   Thumb Code     0  entry7b.o(.ARM.Collect$$$$00000008)
    _main_cpp_init                           0x08000139   Thumb Code     0  entry8b.o(.ARM.Collect$$$$0000000A)
    _main_init                               0x08000139   Thumb Code     0  entry9a.o(.ARM.Collect$$$$0000000B)
    __rt_final_cpp                           0x08000141   Thumb Code     0  entry10a.o(.ARM.Collect$$$$0000000D)
    __rt_final_exit                          0x08000141   Thumb Code     0  entry11a.o(.ARM.Collect$$$$0000000F)
    Reset_Handler                            0x08000145   Thumb Code     8  startup_stm32f103xe.o(.text)
    ADC1_2_IRQHandler                        0x0800015f   Thumb Code     0  startup_stm32f103xe.o(.text)
    ADC3_IRQHandler                          0x0800015f   Thumb Code     0  startup_stm32f103xe.o(.text)
    CAN1_RX1_IRQHandler                      0x0800015f   Thumb Code     0  startup_stm32f103xe.o(.text)
    CAN1_SCE_IRQHandler                      0x0800015f   Thumb Code     0  startup_stm32f103xe.o(.text)
    DMA1_Channel1_IRQHandler                 0x0800015f   Thumb Code     0  startup_stm32f103xe.o(.text)
    DMA1_Channel2_IRQHandler                 0x0800015f   Thumb Code     0  startup_stm32f103xe.o(.text)
    DMA1_Channel3_IRQHandler                 0x0800015f   Thumb Code     0  startup_stm32f103xe.o(.text)
    DMA1_Channel4_IRQHandler                 0x0800015f   Thumb Code     0  startup_stm32f103xe.o(.text)
    DMA1_Channel5_IRQHandler                 0x0800015f   Thumb Code     0  startup_stm32f103xe.o(.text)
    DMA1_Channel6_IRQHandler                 0x0800015f   Thumb Code     0  startup_stm32f103xe.o(.text)
    DMA1_Channel7_IRQHandler                 0x0800015f   Thumb Code     0  startup_stm32f103xe.o(.text)
    DMA2_Channel1_IRQHandler                 0x0800015f   Thumb Code     0  startup_stm32f103xe.o(.text)
    DMA2_Channel2_IRQHandler                 0x0800015f   Thumb Code     0  startup_stm32f103xe.o(.text)
    DMA2_Channel3_IRQHandler                 0x0800015f   Thumb Code     0  startup_stm32f103xe.o(.text)
    DMA2_Channel4_5_IRQHandler               0x0800015f   Thumb Code     0  startup_stm32f103xe.o(.text)
    EXTI0_IRQHandler                         0x0800015f   Thumb Code     0  startup_stm32f103xe.o(.text)
    EXTI15_10_IRQHandler                     0x0800015f   Thumb Code     0  startup_stm32f103xe.o(.text)
    EXTI1_IRQHandler                         0x0800015f   Thumb Code     0  startup_stm32f103xe.o(.text)
    EXTI2_IRQHandler                         0x0800015f   Thumb Code     0  startup_stm32f103xe.o(.text)
    EXTI3_IRQHandler                         0x0800015f   Thumb Code     0  startup_stm32f103xe.o(.text)
    EXTI4_IRQHandler                         0x0800015f   Thumb Code     0  startup_stm32f103xe.o(.text)
    EXTI9_5_IRQHandler                       0x0800015f   Thumb Code     0  startup_stm32f103xe.o(.text)
    FSMC_IRQHandler                          0x0800015f   Thumb Code     0  startup_stm32f103xe.o(.text)
    I2C1_ER_IRQHandler                       0x0800015f   Thumb Code     0  startup_stm32f103xe.o(.text)
    I2C1_EV_IRQHandler                       0x0800015f   Thumb Code     0  startup_stm32f103xe.o(.text)
    I2C2_ER_IRQHandler                       0x0800015f   Thumb Code     0  startup_stm32f103xe.o(.text)
    I2C2_EV_IRQHandler                       0x0800015f   Thumb Code     0  startup_stm32f103xe.o(.text)
    PVD_IRQHandler                           0x0800015f   Thumb Code     0  startup_stm32f103xe.o(.text)
    RTC_Alarm_IRQHandler                     0x0800015f   Thumb Code     0  startup_stm32f103xe.o(.text)
    RTC_IRQHandler                           0x0800015f   Thumb Code     0  startup_stm32f103xe.o(.text)
    SPI2_IRQHandler                          0x0800015f   Thumb Code     0  startup_stm32f103xe.o(.text)
    SPI3_IRQHandler                          0x0800015f   Thumb Code     0  startup_stm32f103xe.o(.text)
    TAMPER_IRQHandler                        0x0800015f   Thumb Code     0  startup_stm32f103xe.o(.text)
    TIM1_BRK_IRQHandler                      0x0800015f   Thumb Code     0  startup_stm32f103xe.o(.text)
    TIM1_CC_IRQHandler                       0x0800015f   Thumb Code     0  startup_stm32f103xe.o(.text)
    TIM1_TRG_COM_IRQHandler                  0x0800015f   Thumb Code     0  startup_stm32f103xe.o(.text)
    TIM1_UP_IRQHandler                       0x0800015f   Thumb Code     0  startup_stm32f103xe.o(.text)
    TIM2_IRQHandler                          0x0800015f   Thumb Code     0  startup_stm32f103xe.o(.text)
    TIM3_IRQHandler                          0x0800015f   Thumb Code     0  startup_stm32f103xe.o(.text)
    TIM4_IRQHandler                          0x0800015f   Thumb Code     0  startup_stm32f103xe.o(.text)
    TIM5_IRQHandler                          0x0800015f   Thumb Code     0  startup_stm32f103xe.o(.text)
    TIM6_IRQHandler                          0x0800015f   Thumb Code     0  startup_stm32f103xe.o(.text)
    TIM7_IRQHandler                          0x0800015f   Thumb Code     0  startup_stm32f103xe.o(.text)
    TIM8_BRK_IRQHandler                      0x0800015f   Thumb Code     0  startup_stm32f103xe.o(.text)
    TIM8_CC_IRQHandler                       0x0800015f   Thumb Code     0  startup_stm32f103xe.o(.text)
    TIM8_TRG_COM_IRQHandler                  0x0800015f   Thumb Code     0  startup_stm32f103xe.o(.text)
    TIM8_UP_IRQHandler                       0x0800015f   Thumb Code     0  startup_stm32f103xe.o(.text)
    UART4_IRQHandler                         0x0800015f   Thumb Code     0  startup_stm32f103xe.o(.text)
    UART5_IRQHandler                         0x0800015f   Thumb Code     0  startup_stm32f103xe.o(.text)
    USART2_IRQHandler                        0x0800015f   Thumb Code     0  startup_stm32f103xe.o(.text)
    USART3_IRQHandler                        0x0800015f   Thumb Code     0  startup_stm32f103xe.o(.text)
    USBWakeUp_IRQHandler                     0x0800015f   Thumb Code     0  startup_stm32f103xe.o(.text)
    USB_HP_CAN1_TX_IRQHandler                0x0800015f   Thumb Code     0  startup_stm32f103xe.o(.text)
    USB_LP_CAN1_RX0_IRQHandler               0x0800015f   Thumb Code     0  startup_stm32f103xe.o(.text)
    WWDG_IRQHandler                          0x0800015f   Thumb Code     0  startup_stm32f103xe.o(.text)
    __aeabi_memcpy                           0x08000169   Thumb Code    36  memcpya.o(.text)
    __aeabi_memcpy4                          0x08000169   Thumb Code     0  memcpya.o(.text)
    __aeabi_memcpy8                          0x08000169   Thumb Code     0  memcpya.o(.text)
    __aeabi_memset                           0x0800018d   Thumb Code    14  memseta.o(.text)
    __aeabi_memset4                          0x0800018d   Thumb Code     0  memseta.o(.text)
    __aeabi_memset8                          0x0800018d   Thumb Code     0  memseta.o(.text)
    __aeabi_memclr                           0x0800019b   Thumb Code     4  memseta.o(.text)
    __aeabi_memclr4                          0x0800019b   Thumb Code     0  memseta.o(.text)
    __aeabi_memclr8                          0x0800019b   Thumb Code     0  memseta.o(.text)
    _memset$wrapper                          0x0800019f   Thumb Code    18  memseta.o(.text)
    strlen                                   0x080001b1   Thumb Code    14  strlen.o(.text)
    strcpy                                   0x080001bf   Thumb Code    18  strcpy.o(.text)
    __aeabi_uidiv                            0x080001d1   Thumb Code     0  uidiv.o(.text)
    __aeabi_uidivmod                         0x080001d1   Thumb Code    44  uidiv.o(.text)
    __scatterload                            0x080001fd   Thumb Code    28  init.o(.text)
    __scatterload_rt2                        0x080001fd   Thumb Code     0  init.o(.text)
    BSP_SD_AbortCallback                     0x08000221   Thumb Code     2  bsp_driver_sd.o(i.BSP_SD_AbortCallback)
    BSP_SD_GetCardInfo                       0x08000225   Thumb Code     8  bsp_driver_sd.o(i.BSP_SD_GetCardInfo)
    BSP_SD_GetCardState                      0x08000231   Thumb Code    20  bsp_driver_sd.o(i.BSP_SD_GetCardState)
    BSP_SD_Init                              0x08000249   Thumb Code    42  bsp_driver_sd.o(i.BSP_SD_Init)
    BSP_SD_IsDetected                        0x08000279   Thumb Code    14  bsp_driver_sd.o(i.BSP_SD_IsDetected)
    BSP_SD_ReadBlocks                        0x08000289   Thumb Code    26  bsp_driver_sd.o(i.BSP_SD_ReadBlocks)
    BSP_SD_ReadCpltCallback                  0x080002a9   Thumb Code     2  bsp_driver_sd.o(i.BSP_SD_ReadCpltCallback)
    BSP_SD_WriteBlocks                       0x080002ad   Thumb Code    26  bsp_driver_sd.o(i.BSP_SD_WriteBlocks)
    BSP_SD_WriteCpltCallback                 0x080002cd   Thumb Code     2  bsp_driver_sd.o(i.BSP_SD_WriteCpltCallback)
    BusFault_Handler                         0x080002cf   Thumb Code     2  stm32f1xx_it.o(i.BusFault_Handler)
    DebugMon_Handler                         0x080002d1   Thumb Code     2  stm32f1xx_it.o(i.DebugMon_Handler)
    Error_Handler                            0x080002d3   Thumb Code     2  main.o(i.Error_Handler)
    FATFS_LinkDriver                         0x080002d5   Thumb Code     6  ff_gen_drv.o(i.FATFS_LinkDriver)
    FATFS_LinkDriverEx                       0x080002dd   Thumb Code    60  ff_gen_drv.o(i.FATFS_LinkDriverEx)
    FLASH_IRQHandler                         0x0800031d   Thumb Code     4  stm32f1xx_it.o(i.FLASH_IRQHandler)
    FLASH_PageErase                          0x08000321   Thumb Code    28  stm32f1xx_hal_flash_ex.o(i.FLASH_PageErase)
    FlashDeviceInfoGet                       0x080003bd   Thumb Code    52  fatfs_user_fun.o(i.FlashDeviceInfoGet)
    FlashReadFile                            0x08000441   Thumb Code   116  fatfs_user_fun.o(i.FlashReadFile)
    FlashTraverFiles                         0x08000575   Thumb Code    36  fatfs_user_fun.o(i.FlashTraverFiles)
    FlashWriteFile                           0x080005d5   Thumb Code   110  fatfs_user_fun.o(i.FlashWriteFile)
    FlashfMount                              0x08000721   Thumb Code    68  fatfs_user_fun.o(i.FlashfMount)
    HAL_DMA_Abort_IT                         0x08000825   Thumb Code   296  stm32f1xx_hal_dma.o(i.HAL_DMA_Abort_IT)
    HAL_Delay                                0x08000955   Thumb Code    32  stm32f1xx_hal.o(i.HAL_Delay)
    HAL_FLASH_EndOfOperationCallback         0x08000979   Thumb Code     2  stm32f1xx_hal_flash.o(i.HAL_FLASH_EndOfOperationCallback)
    HAL_FLASH_IRQHandler                     0x0800097d   Thumb Code   256  stm32f1xx_hal_flash.o(i.HAL_FLASH_IRQHandler)
    HAL_FLASH_OperationErrorCallback         0x08000a85   Thumb Code     2  stm32f1xx_hal_flash.o(i.HAL_FLASH_OperationErrorCallback)
    HAL_GPIO_Init                            0x08000a89   Thumb Code   462  stm32f1xx_hal_gpio.o(i.HAL_GPIO_Init)
    HAL_GPIO_WritePin                        0x08000c81   Thumb Code    10  stm32f1xx_hal_gpio.o(i.HAL_GPIO_WritePin)
    HAL_GetTick                              0x08000c8d   Thumb Code     6  stm32f1xx_hal.o(i.HAL_GetTick)
    HAL_IncTick                              0x08000c99   Thumb Code    12  stm32f1xx_hal.o(i.HAL_IncTick)
    HAL_Init                                 0x08000ca9   Thumb Code    32  stm32f1xx_hal.o(i.HAL_Init)
    HAL_InitTick                             0x08000ccd   Thumb Code    54  stm32f1xx_hal.o(i.HAL_InitTick)
    HAL_MspInit                              0x08000d0d   Thumb Code    84  stm32f1xx_hal_msp.o(i.HAL_MspInit)
    HAL_NVIC_EnableIRQ                       0x08000d69   Thumb Code    26  stm32f1xx_hal_cortex.o(i.HAL_NVIC_EnableIRQ)
    HAL_NVIC_SetPriority                     0x08000d85   Thumb Code    60  stm32f1xx_hal_cortex.o(i.HAL_NVIC_SetPriority)
    HAL_NVIC_SetPriorityGrouping             0x08000dc5   Thumb Code    26  stm32f1xx_hal_cortex.o(i.HAL_NVIC_SetPriorityGrouping)
    HAL_RCC_ClockConfig                      0x08000de9   Thumb Code   280  stm32f1xx_hal_rcc.o(i.HAL_RCC_ClockConfig)
    HAL_RCC_GetPCLK1Freq                     0x08000f15   Thumb Code    20  stm32f1xx_hal_rcc.o(i.HAL_RCC_GetPCLK1Freq)
    HAL_RCC_GetPCLK2Freq                     0x08000f35   Thumb Code    20  stm32f1xx_hal_rcc.o(i.HAL_RCC_GetPCLK2Freq)
    HAL_RCC_GetSysClockFreq                  0x08000f55   Thumb Code    74  stm32f1xx_hal_rcc.o(i.HAL_RCC_GetSysClockFreq)
    HAL_RCC_OscConfig                        0x08000fc1   Thumb Code   778  stm32f1xx_hal_rcc.o(i.HAL_RCC_OscConfig)
    HAL_SD_AbortCallback                     0x080012e1   Thumb Code     8  bsp_driver_sd.o(i.HAL_SD_AbortCallback)
    HAL_SD_ConfigWideBusOperation            0x080012e9   Thumb Code   238  stm32f1xx_hal_sd.o(i.HAL_SD_ConfigWideBusOperation)
    HAL_SD_ErrorCallback                     0x080013dd   Thumb Code     2  stm32f1xx_hal_sd.o(i.HAL_SD_ErrorCallback)
    HAL_SD_GetCardCSD                        0x080013e1   Thumb Code   402  stm32f1xx_hal_sd.o(i.HAL_SD_GetCardCSD)
    HAL_SD_GetCardInfo                       0x08001579   Thumb Code    36  stm32f1xx_hal_sd.o(i.HAL_SD_GetCardInfo)
    HAL_SD_GetCardState                      0x0800159d   Thumb Code    44  stm32f1xx_hal_sd.o(i.HAL_SD_GetCardState)
    HAL_SD_IRQHandler                        0x080015c9   Thumb Code   512  stm32f1xx_hal_sd.o(i.HAL_SD_IRQHandler)
    HAL_SD_Init                              0x080017d1   Thumb Code    54  stm32f1xx_hal_sd.o(i.HAL_SD_Init)
    HAL_SD_InitCard                          0x08001809   Thumb Code    78  stm32f1xx_hal_sd.o(i.HAL_SD_InitCard)
    HAL_SD_MspInit                           0x0800185d   Thumb Code   130  sdio.o(i.HAL_SD_MspInit)
    HAL_SD_ReadBlocks                        0x080018f1   Thumb Code   500  stm32f1xx_hal_sd.o(i.HAL_SD_ReadBlocks)
    HAL_SD_RxCpltCallback                    0x08001ae9   Thumb Code     8  bsp_driver_sd.o(i.HAL_SD_RxCpltCallback)
    HAL_SD_TxCpltCallback                    0x08001af1   Thumb Code     8  bsp_driver_sd.o(i.HAL_SD_TxCpltCallback)
    HAL_SD_WriteBlocks                       0x08001af9   Thumb Code   454  stm32f1xx_hal_sd.o(i.HAL_SD_WriteBlocks)
    HAL_SPI_ErrorCallback                    0x08001cc5   Thumb Code     2  stm32f1xx_hal_spi.o(i.HAL_SPI_ErrorCallback)
    HAL_SPI_IRQHandler                       0x08001cc9   Thumb Code   220  stm32f1xx_hal_spi.o(i.HAL_SPI_IRQHandler)
    HAL_SPI_Init                             0x08001da9   Thumb Code   124  stm32f1xx_hal_spi.o(i.HAL_SPI_Init)
    HAL_SPI_MspInit                          0x08001e25   Thumb Code   144  spi.o(i.HAL_SPI_MspInit)
    HAL_SYSTICK_Config                       0x08001ec5   Thumb Code    40  stm32f1xx_hal_cortex.o(i.HAL_SYSTICK_Config)
    HAL_UART_ErrorCallback                   0x08001eed   Thumb Code     2  stm32f1xx_hal_uart.o(i.HAL_UART_ErrorCallback)
    HAL_UART_IRQHandler                      0x08001ef1   Thumb Code   266  stm32f1xx_hal_uart.o(i.HAL_UART_IRQHandler)
    HAL_UART_Init                            0x08002001   Thumb Code    98  stm32f1xx_hal_uart.o(i.HAL_UART_Init)
    HAL_UART_MspInit                         0x08002065   Thumb Code   116  usart.o(i.HAL_UART_MspInit)
    HAL_UART_RxCpltCallback                  0x080020e5   Thumb Code     2  stm32f1xx_hal_uart.o(i.HAL_UART_RxCpltCallback)
    HAL_UART_Transmit                        0x080020e7   Thumb Code   186  stm32f1xx_hal_uart.o(i.HAL_UART_Transmit)
    HAL_UART_TxCpltCallback                  0x080021a1   Thumb Code     2  stm32f1xx_hal_uart.o(i.HAL_UART_TxCpltCallback)
    HardFault_Handler                        0x080021a3   Thumb Code     2  stm32f1xx_it.o(i.HardFault_Handler)
    MX_FATFS_Init                            0x080021a5   Thumb Code    28  fatfs.o(i.MX_FATFS_Init)
    MX_GPIO_Init                             0x080021cd   Thumb Code   118  gpio.o(i.MX_GPIO_Init)
    MX_SDIO_SD_Init                          0x0800224d   Thumb Code    24  sdio.o(i.MX_SDIO_SD_Init)
    MX_SPI1_Init                             0x0800226d   Thumb Code    64  spi.o(i.MX_SPI1_Init)
    MX_USART1_UART_Init                      0x080022b5   Thumb Code    48  usart.o(i.MX_USART1_UART_Init)
    MemManage_Handler                        0x080022ed   Thumb Code     2  stm32f1xx_it.o(i.MemManage_Handler)
    NMI_Handler                              0x080022ef   Thumb Code     2  stm32f1xx_it.o(i.NMI_Handler)
    PendSV_Handler                           0x080022f1   Thumb Code     2  stm32f1xx_it.o(i.PendSV_Handler)
    RCC_IRQHandler                           0x080022f3   Thumb Code     2  stm32f1xx_it.o(i.RCC_IRQHandler)
    SDDeviceInfoGet                          0x080022f5   Thumb Code    52  fatfs_user_fun.o(i.SDDeviceInfoGet)
    SDIO_ConfigData                          0x08002379   Thumb Code    36  stm32f1xx_ll_sdmmc.o(i.SDIO_ConfigData)
    SDIO_GetPowerState                       0x0800239d   Thumb Code     8  stm32f1xx_ll_sdmmc.o(i.SDIO_GetPowerState)
    SDIO_GetResponse                         0x080023a5   Thumb Code     6  stm32f1xx_ll_sdmmc.o(i.SDIO_GetResponse)
    SDIO_IRQHandler                          0x080023ad   Thumb Code     6  stm32f1xx_it.o(i.SDIO_IRQHandler)
    SDIO_Init                                0x080023b9   Thumb Code    36  stm32f1xx_ll_sdmmc.o(i.SDIO_Init)
    SDIO_PowerState_ON                       0x080023dd   Thumb Code    16  stm32f1xx_ll_sdmmc.o(i.SDIO_PowerState_ON)
    SDIO_ReadFIFO                            0x080023ed   Thumb Code     6  stm32f1xx_ll_sdmmc.o(i.SDIO_ReadFIFO)
    SDIO_SendCommand                         0x080023f3   Thumb Code    32  stm32f1xx_ll_sdmmc.o(i.SDIO_SendCommand)
    SDIO_WriteFIFO                           0x08002413   Thumb Code    10  stm32f1xx_ll_sdmmc.o(i.SDIO_WriteFIFO)
    SDMMC_CmdAppCommand                      0x0800241d   Thumb Code    50  stm32f1xx_ll_sdmmc.o(i.SDMMC_CmdAppCommand)
    SDMMC_CmdAppOperCommand                  0x08002451   Thumb Code    48  stm32f1xx_ll_sdmmc.o(i.SDMMC_CmdAppOperCommand)
    SDMMC_CmdBlockLength                     0x08002485   Thumb Code    50  stm32f1xx_ll_sdmmc.o(i.SDMMC_CmdBlockLength)
    SDMMC_CmdBusWidth                        0x080024b7   Thumb Code    50  stm32f1xx_ll_sdmmc.o(i.SDMMC_CmdBusWidth)
    SDMMC_CmdGoIdleState                     0x080024e9   Thumb Code    74  stm32f1xx_ll_sdmmc.o(i.SDMMC_CmdGoIdleState)
    SDMMC_CmdOperCond                        0x08002539   Thumb Code   112  stm32f1xx_ll_sdmmc.o(i.SDMMC_CmdOperCond)
    SDMMC_CmdReadMultiBlock                  0x080025ad   Thumb Code    50  stm32f1xx_ll_sdmmc.o(i.SDMMC_CmdReadMultiBlock)
    SDMMC_CmdReadSingleBlock                 0x080025df   Thumb Code    50  stm32f1xx_ll_sdmmc.o(i.SDMMC_CmdReadSingleBlock)
    SDMMC_CmdSelDesel                        0x08002611   Thumb Code    50  stm32f1xx_ll_sdmmc.o(i.SDMMC_CmdSelDesel)
    SDMMC_CmdSendCID                         0x08002643   Thumb Code    44  stm32f1xx_ll_sdmmc.o(i.SDMMC_CmdSendCID)
    SDMMC_CmdSendCSD                         0x0800266f   Thumb Code    44  stm32f1xx_ll_sdmmc.o(i.SDMMC_CmdSendCSD)
    SDMMC_CmdSendSCR                         0x0800269b   Thumb Code    48  stm32f1xx_ll_sdmmc.o(i.SDMMC_CmdSendSCR)
    SDMMC_CmdSendStatus                      0x080026cb   Thumb Code    50  stm32f1xx_ll_sdmmc.o(i.SDMMC_CmdSendStatus)
    SDMMC_CmdSetRelAdd                       0x080026fd   Thumb Code    48  stm32f1xx_ll_sdmmc.o(i.SDMMC_CmdSetRelAdd)
    SDMMC_CmdStopTransfer                    0x0800272d   Thumb Code    46  stm32f1xx_ll_sdmmc.o(i.SDMMC_CmdStopTransfer)
    SDMMC_CmdWriteMultiBlock                 0x08002761   Thumb Code    50  stm32f1xx_ll_sdmmc.o(i.SDMMC_CmdWriteMultiBlock)
    SDMMC_CmdWriteSingleBlock                0x08002793   Thumb Code    50  stm32f1xx_ll_sdmmc.o(i.SDMMC_CmdWriteSingleBlock)
    SDReadFile                               0x08002a01   Thumb Code   108  fatfs_user_fun.o(i.SDReadFile)
    SDTraverFiles                            0x08002b29   Thumb Code    36  fatfs_user_fun.o(i.SDTraverFiles)
    SDWriteFile                              0x08002b89   Thumb Code   110  fatfs_user_fun.o(i.SDWriteFile)
    SD_initialize                            0x08002fd5   Thumb Code    26  sd_diskio.o(i.SD_initialize)
    SD_ioctl                                 0x08002ff5   Thumb Code    74  sd_diskio.o(i.SD_ioctl)
    SD_read                                  0x08003045   Thumb Code    52  sd_diskio.o(i.SD_read)
    SD_status                                0x08003081   Thumb Code    26  sd_diskio.o(i.SD_status)
    SD_write                                 0x080030a1   Thumb Code    52  sd_diskio.o(i.SD_write)
    SDfMount                                 0x080030dd   Thumb Code    68  fatfs_user_fun.o(i.SDfMount)
    SPI1_IRQHandler                          0x080031c9   Thumb Code     6  stm32f1xx_it.o(i.SPI1_IRQHandler)
    SPI_FLASH_BufferRead                     0x080031e5   Thumb Code    72  bsp_spi_flash.o(i.SPI_FLASH_BufferRead)
    SPI_FLASH_BufferWrite                    0x08003231   Thumb Code   188  bsp_spi_flash.o(i.SPI_FLASH_BufferWrite)
    SPI_FLASH_Init                           0x080032ed   Thumb Code    26  bsp_spi_flash.o(i.SPI_FLASH_Init)
    SPI_FLASH_PageWrite                      0x0800330d   Thumb Code    90  bsp_spi_flash.o(i.SPI_FLASH_PageWrite)
    SPI_FLASH_ReadID                         0x080033a1   Thumb Code    54  bsp_spi_flash.o(i.SPI_FLASH_ReadID)
    SPI_FLASH_SectorErase                    0x080033dd   Thumb Code    60  bsp_spi_flash.o(i.SPI_FLASH_SectorErase)
    SPI_FLASH_SendByte                       0x0800341d   Thumb Code    74  bsp_spi_flash.o(i.SPI_FLASH_SendByte)
    SPI_FLASH_WaitForWriteEnd                0x08003471   Thumb Code    56  bsp_spi_flash.o(i.SPI_FLASH_WaitForWriteEnd)
    SPI_FLASH_WriteEnable                    0x080034b1   Thumb Code    22  bsp_spi_flash.o(i.SPI_FLASH_WriteEnable)
    SPI_Flash_WAKEUP                         0x080034cd   Thumb Code    22  bsp_spi_flash.o(i.SPI_Flash_WAKEUP)
    SVC_Handler                              0x08003529   Thumb Code     2  stm32f1xx_it.o(i.SVC_Handler)
    SysTick_Handler                          0x0800352b   Thumb Code     4  stm32f1xx_it.o(i.SysTick_Handler)
    SystemClock_Config                       0x0800352f   Thumb Code    78  main.o(i.SystemClock_Config)
    SystemInit                               0x0800357d   Thumb Code    56  system_stm32f1xx.o(i.SystemInit)
    USART1_IRQHandler                        0x08003809   Thumb Code     6  stm32f1xx_it.o(i.USART1_IRQHandler)
    USER_initialize                          0x08003815   Thumb Code    50  user_diskio.o(i.USER_initialize)
    USER_ioctl                               0x0800384d   Thumb Code    52  user_diskio.o(i.USER_ioctl)
    USER_read                                0x08003881   Thumb Code    54  user_diskio.o(i.USER_read)
    USER_status                              0x080038b9   Thumb Code    42  user_diskio.o(i.USER_status)
    USER_write                               0x080038ed   Thumb Code    68  user_diskio.o(i.USER_write)
    UsageFault_Handler                       0x08003931   Thumb Code     2  stm32f1xx_it.o(i.UsageFault_Handler)
    __0printf$6                              0x08003935   Thumb Code    22  printf6.o(i.__0printf$6)
    __1printf$6                              0x08003935   Thumb Code     0  printf6.o(i.__0printf$6)
    __2printf                                0x08003935   Thumb Code     0  printf6.o(i.__0printf$6)
    __0sprintf$6                             0x08003955   Thumb Code    34  printf6.o(i.__0sprintf$6)
    __1sprintf$6                             0x08003955   Thumb Code     0  printf6.o(i.__0sprintf$6)
    __2sprintf                               0x08003955   Thumb Code     0  printf6.o(i.__0sprintf$6)
    __scatterload_copy                       0x0800399d   Thumb Code    14  handlers.o(i.__scatterload_copy)
    __scatterload_null                       0x080039ab   Thumb Code     2  handlers.o(i.__scatterload_null)
    __scatterload_zeroinit                   0x080039ad   Thumb Code    14  handlers.o(i.__scatterload_zeroinit)
    clust2sect                               0x08003e33   Thumb Code    28  ff.o(i.clust2sect)
    disk_initialize                          0x0800472d   Thumb Code    36  diskio.o(i.disk_initialize)
    disk_ioctl                               0x08004755   Thumb Code    24  diskio.o(i.disk_ioctl)
    disk_read                                0x08004771   Thumb Code    24  diskio.o(i.disk_read)
    disk_status                              0x0800478d   Thumb Code    18  diskio.o(i.disk_status)
    disk_write                               0x080047a5   Thumb Code    24  diskio.o(i.disk_write)
    f_close                                  0x080047c1   Thumb Code    42  ff.o(i.f_close)
    f_closedir                               0x080047eb   Thumb Code    36  ff.o(i.f_closedir)
    f_getfree                                0x0800480f   Thumb Code   194  ff.o(i.f_getfree)
    f_mkfs                                   0x080048d1   Thumb Code  1402  ff.o(i.f_mkfs)
    f_mount                                  0x08004e51   Thumb Code    94  ff.o(i.f_mount)
    f_open                                   0x08004eb5   Thumb Code   496  ff.o(i.f_open)
    f_opendir                                0x080050a9   Thumb Code   144  ff.o(i.f_opendir)
    f_read                                   0x08005139   Thumb Code   398  ff.o(i.f_read)
    f_readdir                                0x080052c7   Thumb Code    94  ff.o(i.f_readdir)
    f_sync                                   0x08005325   Thumb Code   162  ff.o(i.f_sync)
    f_write                                  0x080053c7   Thumb Code   454  ff.o(i.f_write)
    ff_convert                               0x0800558d   Thumb Code    68  cc936.o(i.ff_convert)
    ff_wtoupper                              0x080055d9   Thumb Code    28  cc936.o(i.ff_wtoupper)
    fputc                                    0x080058d5   Thumb Code    20  bsp_usart1.o(i.fputc)
    get_fat                                  0x08005979   Thumb Code   230  ff.o(i.get_fat)
    get_fattime                              0x08005a5f   Thumb Code     4  fatfs.o(i.get_fattime)
    main                                     0x08005c15   Thumb Code   142  main.o(i.main)
    put_fat                                  0x08005d2d   Thumb Code   286  ff.o(i.put_fat)
    scan_files                               0x08005eb1   Thumb Code   142  fatfs_user_fun.o(i.scan_files)
    AHBPrescTable                            0x08006168   Data          16  system_stm32f1xx.o(.constdata)
    APBPrescTable                            0x08006178   Data           8  system_stm32f1xx.o(.constdata)
    SD_Driver                                0x08030e84   Data          20  sd_diskio.o(.constdata)
    Region$$Table$$Base                      0x08030e98   Number         0  anon$$obj.o(Region$$Table)
    Region$$Table$$Limit                     0x08030eb8   Number         0  anon$$obj.o(Region$$Table)
    buff                                     0x20000004   Data           6  fatfs_user_fun.o(.data)
    retSD                                    0x2000000a   Data           1  fatfs.o(.data)
    retUSER                                  0x2000000b   Data           1  fatfs.o(.data)
    SDPath                                   0x2000000c   Data           4  fatfs.o(.data)
    USERPath                                 0x20000010   Data           4  fatfs.o(.data)
    USER_Driver                              0x20000018   Data          20  user_diskio.o(.data)
    uwTickFreq                               0x2000002c   Data           1  stm32f1xx_hal.o(.data)
    uwTickPrio                               0x20000030   Data           4  stm32f1xx_hal.o(.data)
    uwTick                                   0x20000034   Data           4  stm32f1xx_hal.o(.data)
    SystemCoreClock                          0x20000038   Data           4  system_stm32f1xx.o(.data)
    __stdout                                 0x2000004c   Data           4  stdout.o(.data)
    SDFatFS                                  0x20000250   Data        4144  fatfs.o(.bss)
    SDFile                                   0x20001280   Data        4140  fatfs.o(.bss)
    USERFatFS                                0x200022ac   Data        4144  fatfs.o(.bss)
    USERFile                                 0x200032dc   Data        4140  fatfs.o(.bss)
    hsd                                      0x20004308   Data         132  sdio.o(.bss)
    hspi1                                    0x2000438c   Data          88  spi.o(.bss)
    huart1                                   0x200043e4   Data          64  usart.o(.bss)
    pFlash                                   0x20004428   Data          32  stm32f1xx_hal_flash.o(.bss)
    disk                                     0x20004460   Data          16  ff_gen_drv.o(.bss)
    __initial_sp                             0x20006c70   Data           0  startup_stm32f103xe.o(STACK)



==============================================================================

Memory Map of the image

  Image Entry point : 0x08000131

  Load Region LR_IROM1 (Base: 0x08000000, Size: 0x00030f08, Max: 0x00080000, ABSOLUTE)

    Execution Region ER_IROM1 (Exec base: 0x08000000, Load base: 0x08000000, Size: 0x00030eb8, Max: 0x00080000, ABSOLUTE)

    Exec Addr    Load Addr    Size         Type   Attr      Idx    E Section Name        Object

    0x08000000   0x08000000   0x00000130   Data   RO            3    RESET               startup_stm32f103xe.o
    0x08000130   0x08000130   0x00000000   Code   RO         3778  * .ARM.Collect$$$$00000000  mc_w.l(entry.o)
    0x08000130   0x08000130   0x00000004   Code   RO         4054    .ARM.Collect$$$$00000001  mc_w.l(entry2.o)
    0x08000134   0x08000134   0x00000004   Code   RO         4057    .ARM.Collect$$$$00000004  mc_w.l(entry5.o)
    0x08000138   0x08000138   0x00000000   Code   RO         4059    .ARM.Collect$$$$00000008  mc_w.l(entry7b.o)
    0x08000138   0x08000138   0x00000000   Code   RO         4061    .ARM.Collect$$$$0000000A  mc_w.l(entry8b.o)
    0x08000138   0x08000138   0x00000008   Code   RO         4062    .ARM.Collect$$$$0000000B  mc_w.l(entry9a.o)
    0x08000140   0x08000140   0x00000000   Code   RO         4064    .ARM.Collect$$$$0000000D  mc_w.l(entry10a.o)
    0x08000140   0x08000140   0x00000000   Code   RO         4066    .ARM.Collect$$$$0000000F  mc_w.l(entry11a.o)
    0x08000140   0x08000140   0x00000004   Code   RO         4055    .ARM.Collect$$$$00002712  mc_w.l(entry2.o)
    0x08000144   0x08000144   0x00000024   Code   RO            4    .text               startup_stm32f103xe.o
    0x08000168   0x08000168   0x00000024   Code   RO         3783    .text               mc_w.l(memcpya.o)
    0x0800018c   0x0800018c   0x00000024   Code   RO         3785    .text               mc_w.l(memseta.o)
    0x080001b0   0x080001b0   0x0000000e   Code   RO         3787    .text               mc_w.l(strlen.o)
    0x080001be   0x080001be   0x00000012   Code   RO         3789    .text               mc_w.l(strcpy.o)
    0x080001d0   0x080001d0   0x0000002c   Code   RO         4069    .text               mc_w.l(uidiv.o)
    0x080001fc   0x080001fc   0x00000024   Code   RO         4084    .text               mc_w.l(init.o)
    0x08000220   0x08000220   0x00000002   Code   RO          521    i.BSP_SD_AbortCallback  bsp_driver_sd.o
    0x08000222   0x08000222   0x00000002   PAD
    0x08000224   0x08000224   0x0000000c   Code   RO          524    i.BSP_SD_GetCardInfo  bsp_driver_sd.o
    0x08000230   0x08000230   0x00000018   Code   RO          525    i.BSP_SD_GetCardState  bsp_driver_sd.o
    0x08000248   0x08000248   0x00000030   Code   RO          527    i.BSP_SD_Init       bsp_driver_sd.o
    0x08000278   0x08000278   0x0000000e   Code   RO          528    i.BSP_SD_IsDetected  bsp_driver_sd.o
    0x08000286   0x08000286   0x00000002   PAD
    0x08000288   0x08000288   0x00000020   Code   RO          529    i.BSP_SD_ReadBlocks  bsp_driver_sd.o
    0x080002a8   0x080002a8   0x00000002   Code   RO          531    i.BSP_SD_ReadCpltCallback  bsp_driver_sd.o
    0x080002aa   0x080002aa   0x00000002   PAD
    0x080002ac   0x080002ac   0x00000020   Code   RO          532    i.BSP_SD_WriteBlocks  bsp_driver_sd.o
    0x080002cc   0x080002cc   0x00000002   Code   RO          534    i.BSP_SD_WriteCpltCallback  bsp_driver_sd.o
    0x080002ce   0x080002ce   0x00000002   Code   RO          867    i.BusFault_Handler  stm32f1xx_it.o
    0x080002d0   0x080002d0   0x00000002   Code   RO          868    i.DebugMon_Handler  stm32f1xx_it.o
    0x080002d2   0x080002d2   0x00000002   Code   RO          448    i.Error_Handler     main.o
    0x080002d4   0x080002d4   0x00000006   Code   RO         3611    i.FATFS_LinkDriver  ff_gen_drv.o
    0x080002da   0x080002da   0x00000002   PAD
    0x080002dc   0x080002dc   0x00000040   Code   RO         3612    i.FATFS_LinkDriverEx  ff_gen_drv.o
    0x0800031c   0x0800031c   0x00000004   Code   RO          869    i.FLASH_IRQHandler  stm32f1xx_it.o
    0x08000320   0x08000320   0x00000024   Code   RO         1856    i.FLASH_PageErase   stm32f1xx_hal_flash_ex.o
    0x08000344   0x08000344   0x0000001c   Code   RO         1748    i.FLASH_Program_HalfWord  stm32f1xx_hal_flash.o
    0x08000360   0x08000360   0x0000005c   Code   RO         1749    i.FLASH_SetErrorCode  stm32f1xx_hal_flash.o
    0x080003bc   0x080003bc   0x00000084   Code   RO          300    i.FlashDeviceInfoGet  fatfs_user_fun.o
    0x08000440   0x08000440   0x00000134   Code   RO          301    i.FlashReadFile     fatfs_user_fun.o
    0x08000574   0x08000574   0x00000060   Code   RO          302    i.FlashTraverFiles  fatfs_user_fun.o
    0x080005d4   0x080005d4   0x0000014c   Code   RO          303    i.FlashWriteFile    fatfs_user_fun.o
    0x08000720   0x08000720   0x00000104   Code   RO          304    i.FlashfMount       fatfs_user_fun.o
    0x08000824   0x08000824   0x00000130   Code   RO         1413    i.HAL_DMA_Abort_IT  stm32f1xx_hal_dma.o
    0x08000954   0x08000954   0x00000024   Code   RO         1040    i.HAL_Delay         stm32f1xx_hal.o
    0x08000978   0x08000978   0x00000002   Code   RO         1751    i.HAL_FLASH_EndOfOperationCallback  stm32f1xx_hal_flash.o
    0x0800097a   0x0800097a   0x00000002   PAD
    0x0800097c   0x0800097c   0x00000108   Code   RO         1753    i.HAL_FLASH_IRQHandler  stm32f1xx_hal_flash.o
    0x08000a84   0x08000a84   0x00000002   Code   RO         1758    i.HAL_FLASH_OperationErrorCallback  stm32f1xx_hal_flash.o
    0x08000a86   0x08000a86   0x00000002   PAD
    0x08000a88   0x08000a88   0x000001f8   Code   RO         1348    i.HAL_GPIO_Init     stm32f1xx_hal_gpio.o
    0x08000c80   0x08000c80   0x0000000a   Code   RO         1352    i.HAL_GPIO_WritePin  stm32f1xx_hal_gpio.o
    0x08000c8a   0x08000c8a   0x00000002   PAD
    0x08000c8c   0x08000c8c   0x0000000c   Code   RO         1044    i.HAL_GetTick       stm32f1xx_hal.o
    0x08000c98   0x08000c98   0x00000010   Code   RO         1050    i.HAL_IncTick       stm32f1xx_hal.o
    0x08000ca8   0x08000ca8   0x00000024   Code   RO         1051    i.HAL_Init          stm32f1xx_hal.o
    0x08000ccc   0x08000ccc   0x00000040   Code   RO         1052    i.HAL_InitTick      stm32f1xx_hal.o
    0x08000d0c   0x08000d0c   0x0000005c   Code   RO          973    i.HAL_MspInit       stm32f1xx_hal_msp.o
    0x08000d68   0x08000d68   0x0000001a   Code   RO         1508    i.HAL_NVIC_EnableIRQ  stm32f1xx_hal_cortex.o
    0x08000d82   0x08000d82   0x00000002   PAD
    0x08000d84   0x08000d84   0x00000040   Code   RO         1514    i.HAL_NVIC_SetPriority  stm32f1xx_hal_cortex.o
    0x08000dc4   0x08000dc4   0x00000024   Code   RO         1515    i.HAL_NVIC_SetPriorityGrouping  stm32f1xx_hal_cortex.o
    0x08000de8   0x08000de8   0x0000012c   Code   RO         1208    i.HAL_RCC_ClockConfig  stm32f1xx_hal_rcc.o
    0x08000f14   0x08000f14   0x00000020   Code   RO         1215    i.HAL_RCC_GetPCLK1Freq  stm32f1xx_hal_rcc.o
    0x08000f34   0x08000f34   0x00000020   Code   RO         1216    i.HAL_RCC_GetPCLK2Freq  stm32f1xx_hal_rcc.o
    0x08000f54   0x08000f54   0x0000006c   Code   RO         1217    i.HAL_RCC_GetSysClockFreq  stm32f1xx_hal_rcc.o
    0x08000fc0   0x08000fc0   0x00000320   Code   RO         1220    i.HAL_RCC_OscConfig  stm32f1xx_hal_rcc.o
    0x080012e0   0x080012e0   0x00000008   Code   RO          535    i.HAL_SD_AbortCallback  bsp_driver_sd.o
    0x080012e8   0x080012e8   0x000000f4   Code   RO         2275    i.HAL_SD_ConfigWideBusOperation  stm32f1xx_hal_sd.o
    0x080013dc   0x080013dc   0x00000002   Code   RO         2278    i.HAL_SD_ErrorCallback  stm32f1xx_hal_sd.o
    0x080013de   0x080013de   0x00000002   PAD
    0x080013e0   0x080013e0   0x00000198   Code   RO         2280    i.HAL_SD_GetCardCSD  stm32f1xx_hal_sd.o
    0x08001578   0x08001578   0x00000024   Code   RO         2281    i.HAL_SD_GetCardInfo  stm32f1xx_hal_sd.o
    0x0800159c   0x0800159c   0x0000002c   Code   RO         2282    i.HAL_SD_GetCardState  stm32f1xx_hal_sd.o
    0x080015c8   0x080015c8   0x00000208   Code   RO         2286    i.HAL_SD_IRQHandler  stm32f1xx_hal_sd.o
    0x080017d0   0x080017d0   0x00000036   Code   RO         2287    i.HAL_SD_Init       stm32f1xx_hal_sd.o
    0x08001806   0x08001806   0x00000002   PAD
    0x08001808   0x08001808   0x00000054   Code   RO         2288    i.HAL_SD_InitCard   stm32f1xx_hal_sd.o
    0x0800185c   0x0800185c   0x00000094   Code   RO          742    i.HAL_SD_MspInit    sdio.o
    0x080018f0   0x080018f0   0x000001f8   Code   RO         2291    i.HAL_SD_ReadBlocks  stm32f1xx_hal_sd.o
    0x08001ae8   0x08001ae8   0x00000008   Code   RO          536    i.HAL_SD_RxCpltCallback  bsp_driver_sd.o
    0x08001af0   0x08001af0   0x00000008   Code   RO          537    i.HAL_SD_TxCpltCallback  bsp_driver_sd.o
    0x08001af8   0x08001af8   0x000001cc   Code   RO         2296    i.HAL_SD_WriteBlocks  stm32f1xx_hal_sd.o
    0x08001cc4   0x08001cc4   0x00000002   Code   RO         2504    i.HAL_SPI_ErrorCallback  stm32f1xx_hal_spi.o
    0x08001cc6   0x08001cc6   0x00000002   PAD
    0x08001cc8   0x08001cc8   0x000000e0   Code   RO         2507    i.HAL_SPI_IRQHandler  stm32f1xx_hal_spi.o
    0x08001da8   0x08001da8   0x0000007c   Code   RO         2508    i.HAL_SPI_Init      stm32f1xx_hal_spi.o
    0x08001e24   0x08001e24   0x000000a0   Code   RO          784    i.HAL_SPI_MspInit   spi.o
    0x08001ec4   0x08001ec4   0x00000028   Code   RO         1519    i.HAL_SYSTICK_Config  stm32f1xx_hal_cortex.o
    0x08001eec   0x08001eec   0x00000002   Code   RO         2876    i.HAL_UART_ErrorCallback  stm32f1xx_hal_uart.o
    0x08001eee   0x08001eee   0x00000002   PAD
    0x08001ef0   0x08001ef0   0x00000110   Code   RO         2879    i.HAL_UART_IRQHandler  stm32f1xx_hal_uart.o
    0x08002000   0x08002000   0x00000062   Code   RO         2880    i.HAL_UART_Init     stm32f1xx_hal_uart.o
    0x08002062   0x08002062   0x00000002   PAD
    0x08002064   0x08002064   0x00000080   Code   RO          826    i.HAL_UART_MspInit  usart.o
    0x080020e4   0x080020e4   0x00000002   Code   RO         2886    i.HAL_UART_RxCpltCallback  stm32f1xx_hal_uart.o
    0x080020e6   0x080020e6   0x000000ba   Code   RO         2888    i.HAL_UART_Transmit  stm32f1xx_hal_uart.o
    0x080021a0   0x080021a0   0x00000002   Code   RO         2891    i.HAL_UART_TxCpltCallback  stm32f1xx_hal_uart.o
    0x080021a2   0x080021a2   0x00000002   Code   RO          870    i.HardFault_Handler  stm32f1xx_it.o
    0x080021a4   0x080021a4   0x00000028   Code   RO          642    i.MX_FATFS_Init     fatfs.o
    0x080021cc   0x080021cc   0x00000080   Code   RO          497    i.MX_GPIO_Init      gpio.o
    0x0800224c   0x0800224c   0x00000020   Code   RO          743    i.MX_SDIO_SD_Init   sdio.o
    0x0800226c   0x0800226c   0x00000048   Code   RO          785    i.MX_SPI1_Init      spi.o
    0x080022b4   0x080022b4   0x00000038   Code   RO          827    i.MX_USART1_UART_Init  usart.o
    0x080022ec   0x080022ec   0x00000002   Code   RO          871    i.MemManage_Handler  stm32f1xx_it.o
    0x080022ee   0x080022ee   0x00000002   Code   RO          872    i.NMI_Handler       stm32f1xx_it.o
    0x080022f0   0x080022f0   0x00000002   Code   RO          873    i.PendSV_Handler    stm32f1xx_it.o
    0x080022f2   0x080022f2   0x00000002   Code   RO          874    i.RCC_IRQHandler    stm32f1xx_it.o
    0x080022f4   0x080022f4   0x00000084   Code   RO          305    i.SDDeviceInfoGet   fatfs_user_fun.o
    0x08002378   0x08002378   0x00000024   Code   RO         2008    i.SDIO_ConfigData   stm32f1xx_ll_sdmmc.o
    0x0800239c   0x0800239c   0x00000008   Code   RO         2012    i.SDIO_GetPowerState  stm32f1xx_ll_sdmmc.o
    0x080023a4   0x080023a4   0x00000006   Code   RO         2013    i.SDIO_GetResponse  stm32f1xx_ll_sdmmc.o
    0x080023aa   0x080023aa   0x00000002   PAD
    0x080023ac   0x080023ac   0x0000000c   Code   RO          875    i.SDIO_IRQHandler   stm32f1xx_it.o
    0x080023b8   0x080023b8   0x00000024   Code   RO         2014    i.SDIO_Init         stm32f1xx_ll_sdmmc.o
    0x080023dc   0x080023dc   0x00000010   Code   RO         2016    i.SDIO_PowerState_ON  stm32f1xx_ll_sdmmc.o
    0x080023ec   0x080023ec   0x00000006   Code   RO         2017    i.SDIO_ReadFIFO     stm32f1xx_ll_sdmmc.o
    0x080023f2   0x080023f2   0x00000020   Code   RO         2018    i.SDIO_SendCommand  stm32f1xx_ll_sdmmc.o
    0x08002412   0x08002412   0x0000000a   Code   RO         2020    i.SDIO_WriteFIFO    stm32f1xx_ll_sdmmc.o
    0x0800241c   0x0800241c   0x00000032   Code   RO         2021    i.SDMMC_CmdAppCommand  stm32f1xx_ll_sdmmc.o
    0x0800244e   0x0800244e   0x00000002   PAD
    0x08002450   0x08002450   0x00000034   Code   RO         2022    i.SDMMC_CmdAppOperCommand  stm32f1xx_ll_sdmmc.o
    0x08002484   0x08002484   0x00000032   Code   RO         2023    i.SDMMC_CmdBlockLength  stm32f1xx_ll_sdmmc.o
    0x080024b6   0x080024b6   0x00000032   Code   RO         2024    i.SDMMC_CmdBusWidth  stm32f1xx_ll_sdmmc.o
    0x080024e8   0x080024e8   0x00000050   Code   RO         2028    i.SDMMC_CmdGoIdleState  stm32f1xx_ll_sdmmc.o
    0x08002538   0x08002538   0x00000074   Code   RO         2030    i.SDMMC_CmdOperCond  stm32f1xx_ll_sdmmc.o
    0x080025ac   0x080025ac   0x00000032   Code   RO         2031    i.SDMMC_CmdReadMultiBlock  stm32f1xx_ll_sdmmc.o
    0x080025de   0x080025de   0x00000032   Code   RO         2032    i.SDMMC_CmdReadSingleBlock  stm32f1xx_ll_sdmmc.o
    0x08002610   0x08002610   0x00000032   Code   RO         2035    i.SDMMC_CmdSelDesel  stm32f1xx_ll_sdmmc.o
    0x08002642   0x08002642   0x0000002c   Code   RO         2036    i.SDMMC_CmdSendCID  stm32f1xx_ll_sdmmc.o
    0x0800266e   0x0800266e   0x0000002c   Code   RO         2037    i.SDMMC_CmdSendCSD  stm32f1xx_ll_sdmmc.o
    0x0800269a   0x0800269a   0x00000030   Code   RO         2038    i.SDMMC_CmdSendSCR  stm32f1xx_ll_sdmmc.o
    0x080026ca   0x080026ca   0x00000032   Code   RO         2039    i.SDMMC_CmdSendStatus  stm32f1xx_ll_sdmmc.o
    0x080026fc   0x080026fc   0x00000030   Code   RO         2040    i.SDMMC_CmdSetRelAdd  stm32f1xx_ll_sdmmc.o
    0x0800272c   0x0800272c   0x00000034   Code   RO         2042    i.SDMMC_CmdStopTransfer  stm32f1xx_ll_sdmmc.o
    0x08002760   0x08002760   0x00000032   Code   RO         2044    i.SDMMC_CmdWriteMultiBlock  stm32f1xx_ll_sdmmc.o
    0x08002792   0x08002792   0x00000032   Code   RO         2045    i.SDMMC_CmdWriteSingleBlock  stm32f1xx_ll_sdmmc.o
    0x080027c4   0x080027c4   0x00000120   Code   RO         2046    i.SDMMC_GetCmdResp1  stm32f1xx_ll_sdmmc.o
    0x080028e4   0x080028e4   0x00000050   Code   RO         2047    i.SDMMC_GetCmdResp2  stm32f1xx_ll_sdmmc.o
    0x08002934   0x08002934   0x00000044   Code   RO         2048    i.SDMMC_GetCmdResp3  stm32f1xx_ll_sdmmc.o
    0x08002978   0x08002978   0x00000088   Code   RO         2049    i.SDMMC_GetCmdResp6  stm32f1xx_ll_sdmmc.o
    0x08002a00   0x08002a00   0x00000128   Code   RO          306    i.SDReadFile        fatfs_user_fun.o
    0x08002b28   0x08002b28   0x00000060   Code   RO          307    i.SDTraverFiles     fatfs_user_fun.o
    0x08002b88   0x08002b88   0x0000014c   Code   RO          308    i.SDWriteFile       fatfs_user_fun.o
    0x08002cd4   0x08002cd4   0x00000044   Code   RO         2301    i.SD_DMARxAbort     stm32f1xx_hal_sd.o
    0x08002d18   0x08002d18   0x00000044   Code   RO         2303    i.SD_DMATxAbort     stm32f1xx_hal_sd.o
    0x08002d5c   0x08002d5c   0x000000d4   Code   RO         2304    i.SD_FindSCR        stm32f1xx_hal_sd.o
    0x08002e30   0x08002e30   0x000000ee   Code   RO         2305    i.SD_InitCard       stm32f1xx_hal_sd.o
    0x08002f1e   0x08002f1e   0x00000002   PAD
    0x08002f20   0x08002f20   0x000000b4   Code   RO         2306    i.SD_PowerON        stm32f1xx_hal_sd.o
    0x08002fd4   0x08002fd4   0x00000020   Code   RO         3723    i.SD_initialize     sd_diskio.o
    0x08002ff4   0x08002ff4   0x00000050   Code   RO         3724    i.SD_ioctl          sd_diskio.o
    0x08003044   0x08003044   0x0000003c   Code   RO         3725    i.SD_read           sd_diskio.o
    0x08003080   0x08003080   0x00000020   Code   RO         3726    i.SD_status         sd_diskio.o
    0x080030a0   0x080030a0   0x0000003c   Code   RO         3727    i.SD_write          sd_diskio.o
    0x080030dc   0x080030dc   0x000000ec   Code   RO          309    i.SDfMount          fatfs_user_fun.o
    0x080031c8   0x080031c8   0x0000000c   Code   RO          876    i.SPI1_IRQHandler   stm32f1xx_it.o
    0x080031d4   0x080031d4   0x00000010   Code   RO         2535    i.SPI_DMAAbortOnError  stm32f1xx_hal_spi.o
    0x080031e4   0x080031e4   0x0000004c   Code   RO          172    i.SPI_FLASH_BufferRead  bsp_spi_flash.o
    0x08003230   0x08003230   0x000000bc   Code   RO          173    i.SPI_FLASH_BufferWrite  bsp_spi_flash.o
    0x080032ec   0x080032ec   0x00000020   Code   RO          175    i.SPI_FLASH_Init    bsp_spi_flash.o
    0x0800330c   0x0800330c   0x00000094   Code   RO          176    i.SPI_FLASH_PageWrite  bsp_spi_flash.o
    0x080033a0   0x080033a0   0x0000003c   Code   RO          179    i.SPI_FLASH_ReadID  bsp_spi_flash.o
    0x080033dc   0x080033dc   0x00000040   Code   RO          180    i.SPI_FLASH_SectorErase  bsp_spi_flash.o
    0x0800341c   0x0800341c   0x00000054   Code   RO          181    i.SPI_FLASH_SendByte  bsp_spi_flash.o
    0x08003470   0x08003470   0x00000040   Code   RO          184    i.SPI_FLASH_WaitForWriteEnd  bsp_spi_flash.o
    0x080034b0   0x080034b0   0x0000001c   Code   RO          185    i.SPI_FLASH_WriteEnable  bsp_spi_flash.o
    0x080034cc   0x080034cc   0x0000001c   Code   RO          187    i.SPI_Flash_WAKEUP  bsp_spi_flash.o
    0x080034e8   0x080034e8   0x00000040   Code   RO          188    i.SPI_TIMEOUT_UserCallback  bsp_spi_flash.o
    0x08003528   0x08003528   0x00000002   Code   RO          877    i.SVC_Handler       stm32f1xx_it.o
    0x0800352a   0x0800352a   0x00000004   Code   RO          878    i.SysTick_Handler   stm32f1xx_it.o
    0x0800352e   0x0800352e   0x0000004e   Code   RO          449    i.SystemClock_Config  main.o
    0x0800357c   0x0800357c   0x00000048   Code   RO         3182    i.SystemInit        system_stm32f1xx.o
    0x080035c4   0x080035c4   0x00000010   Code   RO         2893    i.UART_DMAAbortOnError  stm32f1xx_hal_uart.o
    0x080035d4   0x080035d4   0x0000001c   Code   RO         2903    i.UART_EndRxTransfer  stm32f1xx_hal_uart.o
    0x080035f0   0x080035f0   0x00000096   Code   RO         2905    i.UART_Receive_IT   stm32f1xx_hal_uart.o
    0x08003686   0x08003686   0x00000002   PAD
    0x08003688   0x08003688   0x000000b8   Code   RO         2906    i.UART_SetConfig    stm32f1xx_hal_uart.o
    0x08003740   0x08003740   0x00000062   Code   RO         2907    i.UART_Transmit_IT  stm32f1xx_hal_uart.o
    0x080037a2   0x080037a2   0x00000064   Code   RO         2908    i.UART_WaitOnFlagUntilTimeout  stm32f1xx_hal_uart.o
    0x08003806   0x08003806   0x00000002   PAD
    0x08003808   0x08003808   0x0000000c   Code   RO          879    i.USART1_IRQHandler  stm32f1xx_it.o
    0x08003814   0x08003814   0x00000038   Code   RO          686    i.USER_initialize   user_diskio.o
    0x0800384c   0x0800384c   0x00000034   Code   RO          687    i.USER_ioctl        user_diskio.o
    0x08003880   0x08003880   0x00000036   Code   RO          688    i.USER_read         user_diskio.o
    0x080038b6   0x080038b6   0x00000002   PAD
    0x080038b8   0x080038b8   0x00000034   Code   RO          689    i.USER_status       user_diskio.o
    0x080038ec   0x080038ec   0x00000044   Code   RO          690    i.USER_write        user_diskio.o
    0x08003930   0x08003930   0x00000002   Code   RO          880    i.UsageFault_Handler  stm32f1xx_it.o
    0x08003932   0x08003932   0x00000002   PAD
    0x08003934   0x08003934   0x00000020   Code   RO         3948    i.__0printf$6       mc_w.l(printf6.o)
    0x08003954   0x08003954   0x00000028   Code   RO         3950    i.__0sprintf$6      mc_w.l(printf6.o)
    0x0800397c   0x0800397c   0x00000020   Code   RO         1521    i.__NVIC_SetPriority  stm32f1xx_hal_cortex.o
    0x0800399c   0x0800399c   0x0000000e   Code   RO         4094    i.__scatterload_copy  mc_w.l(handlers.o)
    0x080039aa   0x080039aa   0x00000002   Code   RO         4095    i.__scatterload_null  mc_w.l(handlers.o)
    0x080039ac   0x080039ac   0x0000000e   Code   RO         4096    i.__scatterload_zeroinit  mc_w.l(handlers.o)
    0x080039ba   0x080039ba   0x00000002   PAD
    0x080039bc   0x080039bc   0x000002f0   Code   RO         3955    i._printf_core      mc_w.l(printf6.o)
    0x08003cac   0x08003cac   0x00000024   Code   RO         3956    i._printf_post_padding  mc_w.l(printf6.o)
    0x08003cd0   0x08003cd0   0x0000002e   Code   RO         3957    i._printf_pre_padding  mc_w.l(printf6.o)
    0x08003cfe   0x08003cfe   0x0000000a   Code   RO         3959    i._sputc            mc_w.l(printf6.o)
    0x08003d08   0x08003d08   0x00000060   Code   RO         3274    i.check_fs          ff.o
    0x08003d68   0x08003d68   0x00000010   Code   RO         3275    i.chk_chr           ff.o
    0x08003d78   0x08003d78   0x00000068   Code   RO         3276    i.chk_lock          ff.o
    0x08003de0   0x08003de0   0x00000024   Code   RO         3277    i.clear_lock        ff.o
    0x08003e04   0x08003e04   0x0000002e   Code   RO         3278    i.clmt_clust        ff.o
    0x08003e32   0x08003e32   0x0000001c   Code   RO         3279    i.clust2sect        ff.o
    0x08003e4e   0x08003e4e   0x000000a4   Code   RO         3280    i.create_chain      ff.o
    0x08003ef2   0x08003ef2   0x00000002   PAD
    0x08003ef4   0x08003ef4   0x00000244   Code   RO         3281    i.create_name       ff.o
    0x08004138   0x08004138   0x0000003c   Code   RO         3282    i.dec_lock          ff.o
    0x08004174   0x08004174   0x00000140   Code   RO         3283    i.dir_find          ff.o
    0x080042b4   0x080042b4   0x0000011c   Code   RO         3284    i.dir_next          ff.o
    0x080043d0   0x080043d0   0x00000100   Code   RO         3285    i.dir_read          ff.o
    0x080044d0   0x080044d0   0x000001c0   Code   RO         3286    i.dir_register      ff.o
    0x08004690   0x08004690   0x0000009a   Code   RO         3288    i.dir_sdi           ff.o
    0x0800472a   0x0800472a   0x00000002   PAD
    0x0800472c   0x0800472c   0x00000028   Code   RO         3219    i.disk_initialize   diskio.o
    0x08004754   0x08004754   0x0000001c   Code   RO         3220    i.disk_ioctl        diskio.o
    0x08004770   0x08004770   0x0000001c   Code   RO         3221    i.disk_read         diskio.o
    0x0800478c   0x0800478c   0x00000018   Code   RO         3222    i.disk_status       diskio.o
    0x080047a4   0x080047a4   0x0000001c   Code   RO         3223    i.disk_write        diskio.o
    0x080047c0   0x080047c0   0x0000002a   Code   RO         3290    i.f_close           ff.o
    0x080047ea   0x080047ea   0x00000024   Code   RO         3291    i.f_closedir        ff.o
    0x0800480e   0x0800480e   0x000000c2   Code   RO         3292    i.f_getfree         ff.o
    0x080048d0   0x080048d0   0x00000580   Code   RO         3296    i.f_mkfs            ff.o
    0x08004e50   0x08004e50   0x00000064   Code   RO         3297    i.f_mount           ff.o
    0x08004eb4   0x08004eb4   0x000001f4   Code   RO         3298    i.f_open            ff.o
    0x080050a8   0x080050a8   0x00000090   Code   RO         3299    i.f_opendir         ff.o
    0x08005138   0x08005138   0x0000018e   Code   RO         3303    i.f_read            ff.o
    0x080052c6   0x080052c6   0x0000005e   Code   RO         3304    i.f_readdir         ff.o
    0x08005324   0x08005324   0x000000a2   Code   RO         3307    i.f_sync            ff.o
    0x080053c6   0x080053c6   0x000001c6   Code   RO         3311    i.f_write           ff.o
    0x0800558c   0x0800558c   0x0000004c   Code   RO         3691    i.ff_convert        cc936.o
    0x080055d8   0x080055d8   0x00000024   Code   RO         3692    i.ff_wtoupper       cc936.o
    0x080055fc   0x080055fc   0x0000026c   Code   RO         3312    i.find_volume       ff.o
    0x08005868   0x08005868   0x0000006a   Code   RO         3313    i.follow_path       ff.o
    0x080058d2   0x080058d2   0x00000002   PAD
    0x080058d4   0x080058d4   0x00000018   Code   RO          130    i.fputc             bsp_usart1.o
    0x080058ec   0x080058ec   0x0000008c   Code   RO         3314    i.gen_numname       ff.o
    0x08005978   0x08005978   0x000000e6   Code   RO         3315    i.get_fat           ff.o
    0x08005a5e   0x08005a5e   0x00000004   Code   RO          643    i.get_fattime       fatfs.o
    0x08005a62   0x08005a62   0x000000c6   Code   RO         3316    i.get_fileinfo      ff.o
    0x08005b28   0x08005b28   0x0000003c   Code   RO         3317    i.get_ldnumber      ff.o
    0x08005b64   0x08005b64   0x00000098   Code   RO         3318    i.inc_lock          ff.o
    0x08005bfc   0x08005bfc   0x00000016   Code   RO         3319    i.ld_clust          ff.o
    0x08005c12   0x08005c12   0x00000002   PAD
    0x08005c14   0x08005c14   0x000000c0   Code   RO          450    i.main              main.o
    0x08005cd4   0x08005cd4   0x00000012   Code   RO         3320    i.mem_cpy           ff.o
    0x08005ce6   0x08005ce6   0x0000000e   Code   RO         3321    i.mem_set           ff.o
    0x08005cf4   0x08005cf4   0x00000038   Code   RO         3322    i.move_window       ff.o
    0x08005d2c   0x08005d2c   0x0000011e   Code   RO         3323    i.put_fat           ff.o
    0x08005e4a   0x08005e4a   0x00000066   Code   RO         3325    i.remove_chain      ff.o
    0x08005eb0   0x08005eb0   0x000000a0   Code   RO          310    i.scan_files        fatfs_user_fun.o
    0x08005f50   0x08005f50   0x00000010   Code   RO         3326    i.st_clust          ff.o
    0x08005f60   0x08005f60   0x0000001a   Code   RO         3327    i.sum_sfn           ff.o
    0x08005f7a   0x08005f7a   0x000000a8   Code   RO         3328    i.sync_fs           ff.o
    0x08006022   0x08006022   0x00000052   Code   RO         3329    i.sync_window       ff.o
    0x08006074   0x08006074   0x0000002a   Code   RO         3330    i.validate          ff.o
    0x0800609e   0x0800609e   0x00000002   PAD
    0x080060a0   0x080060a0   0x000000c8   Data   RO          451    .constdata          main.o
    0x08006168   0x08006168   0x00000010   Data   RO         3183    .constdata          system_stm32f1xx.o
    0x08006178   0x08006178   0x00000008   Data   RO         3184    .constdata          system_stm32f1xx.o
    0x08006180   0x08006180   0x0000003a   Data   RO         3332    .constdata          ff.o
    0x080061ba   0x080061ba   0x0002acc8   Data   RO         3693    .constdata          cc936.o
    0x08030e82   0x08030e82   0x00000002   PAD
    0x08030e84   0x08030e84   0x00000014   Data   RO         3728    .constdata          sd_diskio.o
    0x08030e98   0x08030e98   0x00000020   Data   RO         4092    Region$$Table       anon$$obj.o


    Execution Region RW_IRAM1 (Exec base: 0x20000000, Load base: 0x08030eb8, Size: 0x00006c70, Max: 0x00010000, ABSOLUTE)

    Exec Addr    Load Addr    Size         Type   Attr      Idx    E Section Name        Object

    0x20000000   0x08030eb8   0x00000004   Data   RW          189    .data               bsp_spi_flash.o
    0x20000004   0x08030ebc   0x00000006   Data   RW          312    .data               fatfs_user_fun.o
    0x2000000a   0x08030ec2   0x0000000a   Data   RW          648    .data               fatfs.o
    0x20000014   0x08030ecc   0x00000001   Data   RW          691    .data               user_diskio.o
    0x20000015   0x08030ecd   0x00000003   PAD
    0x20000018   0x08030ed0   0x00000014   Data   RW          692    .data               user_diskio.o
    0x2000002c   0x08030ee4   0x0000000c   Data   RW         1058    .data               stm32f1xx_hal.o
    0x20000038   0x08030ef0   0x00000004   Data   RW         3185    .data               system_stm32f1xx.o
    0x2000003c   0x08030ef4   0x0000000c   Data   RW         3333    .data               ff.o
    0x20000048   0x08030f00   0x00000001   Data   RW         3729    .data               sd_diskio.o
    0x20000049   0x08030f01   0x00000003   PAD
    0x2000004c   0x08030f04   0x00000004   Data   RW         4068    .data               mc_w.l(stdout.o)
    0x20000050        -       0x000001ff   Zero   RW          311    .bss                fatfs_user_fun.o
    0x2000024f   0x08030f08   0x00000001   PAD
    0x20000250        -       0x00001030   Zero   RW          644    .bss                fatfs.o
    0x20001280        -       0x0000102c   Zero   RW          645    .bss                fatfs.o
    0x200022ac        -       0x00001030   Zero   RW          646    .bss                fatfs.o
    0x200032dc        -       0x0000102c   Zero   RW          647    .bss                fatfs.o
    0x20004308        -       0x00000084   Zero   RW          744    .bss                sdio.o
    0x2000438c        -       0x00000058   Zero   RW          786    .bss                spi.o
    0x200043e4        -       0x00000040   Zero   RW          828    .bss                usart.o
    0x20004424   0x08030f08   0x00000004   PAD
    0x20004428        -       0x00000020   Zero   RW         1762    .bss                stm32f1xx_hal_flash.o
    0x20004448        -       0x00000018   Zero   RW         3331    .bss                ff.o
    0x20004460        -       0x00000010   Zero   RW         3615    .bss                ff_gen_drv.o
    0x20004470        -       0x00002800   Zero   RW            1    STACK               startup_stm32f103xe.o


==============================================================================

Image component sizes


      Code (inc. data)   RO Data    RW Data    ZI Data      Debug   Object Name

       192         26          0          0          0       6243   bsp_driver_sd.o
         0          0          0          0          0     489944   bsp_led.o
       836        158          0          4          0       6625   bsp_spi_flash.o
        24          4          0          0          0       1700   bsp_usart1.o
       112         16     175304          0          0       2151   cc936.o
       148         22          0          0          0       3481   diskio.o
        44         12          0         10      16568       1624   fatfs.o
      2380       1482          0          6        511      11771   fatfs_user_fun.o
      8462        158         58         12         24      42940   ff.o
        70          4          0          0         16       1531   ff_gen_drv.o
       128         10          0          0          0        887   gpio.o
       272         50        200          0          0       2072   main.o
       264         34         20          1          0       4256   sd_diskio.o
       180         26          0          0        132       1509   sdio.o
       232         24          0          0         88       1609   spi.o
        36          8        304          0      10240        788   startup_stm32f103xe.o
       164         28          0         12          0       6373   stm32f1xx_hal.o
       198         14          0          0          0      28851   stm32f1xx_hal_cortex.o
       304          8          0          0          0       1135   stm32f1xx_hal_dma.o
       388         24          0          0         32       3578   stm32f1xx_hal_flash.o
        36          8          0          0          0       1805   stm32f1xx_hal_flash_ex.o
       514         42          0          0          0       2860   stm32f1xx_hal_gpio.o
        92          8          0          0          0        826   stm32f1xx_hal_msp.o
      1272        100          0          0          0       5092   stm32f1xx_hal_rcc.o
      3122         42          0          0          0      15075   stm32f1xx_hal_sd.o
       366          4          0          0          0       3176   stm32f1xx_hal_spi.o
      1138         12          0          0          0       8863   stm32f1xx_hal_uart.o
        62         18          0          0          0       5682   stm32f1xx_it.o
      1656         46          0          0          0      21603   stm32f1xx_ll_sdmmc.o
         0          0          0          0          0        504   syscall.o
        72         16         24          4          0       1111   system_stm32f1xx.o
       184         20          0          0         64       1578   usart.o
       282         16          0         21          0       3892   user_diskio.o

    ----------------------------------------------------------------------
     23280       2440     175944         76      27680     691135   Object Totals
         0          0         32          0          0          0   (incl. Generated)
        50          0          2          6          5          0   (incl. Padding)

    ----------------------------------------------------------------------

      Code (inc. data)   RO Data    RW Data    ZI Data      Debug   Library Member Name

         0          0          0          0          0          0   entry.o
         0          0          0          0          0          0   entry10a.o
         0          0          0          0          0          0   entry11a.o
         8          4          0          0          0          0   entry2.o
         4          0          0          0          0          0   entry5.o
         0          0          0          0          0          0   entry7b.o
         0          0          0          0          0          0   entry8b.o
         8          4          0          0          0          0   entry9a.o
        30          0          0          0          0          0   handlers.o
        36          8          0          0          0         68   init.o
        36          0          0          0          0         68   memcpya.o
        36          0          0          0          0        108   memseta.o
       916         20          0          0          0        504   printf6.o
         0          0          0          4          0          0   stdout.o
        18          0          0          0          0         68   strcpy.o
        14          0          0          0          0         68   strlen.o
        44          0          0          0          0         80   uidiv.o

    ----------------------------------------------------------------------
      1152         36          0          4          0        964   Library Totals
         2          0          0          0          0          0   (incl. Padding)

    ----------------------------------------------------------------------

      Code (inc. data)   RO Data    RW Data    ZI Data      Debug   Library Name

      1150         36          0          4          0        964   mc_w.l

    ----------------------------------------------------------------------
      1152         36          0          4          0        964   Library Totals

    ----------------------------------------------------------------------

==============================================================================


      Code (inc. data)   RO Data    RW Data    ZI Data      Debug   

     24432       2476     175944         80      27680     681123   Grand Totals
     24432       2476     175944         80      27680     681123   ELF Image Totals
     24432       2476     175944         80          0          0   ROM Totals

==============================================================================

    Total RO  Size (Code + RO Data)               200376 ( 195.68kB)
    Total RW  Size (RW Data + ZI Data)             27760 (  27.11kB)
    Total ROM Size (Code + RO Data + RW Data)     200456 ( 195.76kB)

==============================================================================

